Component: ARM Compiler 6.15 Tool: armlink [5dd79300]

==============================================================================

Section Cross References

    main.o(.text.LCD_main) refers to startup.o(.text) for DisableInterrupts
    main.o(.text.LCD_main) refers to pll.o(.text.PLL_Init) for PLL_Init
    main.o(.text.LCD_main) refers to unified_port_init.o(.text.Unified_Port_Init) for Unified_Port_Init
    main.o(.text.LCD_main) refers to lcd_uart.o(.text.LCD_UART_Init) for LCD_UART_Init
    main.o(.text.LCD_main) refers to lcd_uart.o(.text.LCD_Clear) for LCD_Clear
    main.o(.text.LCD_main) refers to main.o(.rodata.str1.1) for .L.str
    main.o(.text.LCD_main) refers to lcd_uart.o(.text.LCD_WriteString) for LCD_WriteString
    main.o(.ARM.exidx.text.LCD_main) refers to main.o(.text.LCD_main) for [Anonymous Symbol]
    main.o(.text.main) refers to main.o(.text.LCD_main) for LCD_main
    main.o(.ARM.exidx.text.main) refers to main.o(.text.main) for [Anonymous Symbol]
    pll.o(.ARM.exidx.text.PLL_Init) refers to pll.o(.text.PLL_Init) for [Anonymous Symbol]
    uart.o(.ARM.exidx.text.UART_Init) refers to uart.o(.text.UART_Init) for [Anonymous Symbol]
    uart.o(.text.UART_InData) refers to uart.o(.bss.array) for array
    uart.o(.ARM.exidx.text.UART_InData) refers to uart.o(.text.UART_InData) for [Anonymous Symbol]
    uart.o(.ARM.exidx.text.UART_OutSync) refers to uart.o(.text.UART_OutSync) for [Anonymous Symbol]
    uart.o(.ARM.exidx.text.UART_OutACK) refers to uart.o(.text.UART_OutACK) for [Anonymous Symbol]
    uart.o(.ARM.exidx.text.UART_OutInitial) refers to uart.o(.text.UART_OutInitial) for [Anonymous Symbol]
    uart.o(.ARM.exidx.text.UART_OutPackageSize) refers to uart.o(.text.UART_OutPackageSize) for [Anonymous Symbol]
    uart.o(.ARM.exidx.text.UART_OutSnapshot) refers to uart.o(.text.UART_OutSnapshot) for [Anonymous Symbol]
    uart.o(.ARM.exidx.text.UART_OutGetPic) refers to uart.o(.text.UART_OutGetPic) for [Anonymous Symbol]
    uart.o(.ARM.exidx.text.UART_OutCUSTOMACK) refers to uart.o(.text.UART_OutCUSTOMACK) for [Anonymous Symbol]
    uart.o(.ARM.exidx.text.UART_ReadSingleByte) refers to uart.o(.text.UART_ReadSingleByte) for [Anonymous Symbol]
    uart.o(.text.UART_InNBytes) refers to uart.o(.bss.image_array) for image_array
    uart.o(.ARM.exidx.text.UART_InNBytes) refers to uart.o(.text.UART_InNBytes) for [Anonymous Symbol]
    timer1a.o(.text.Timer1A_Init) refers to timer1a.o(.bss.PeriodicTask1) for PeriodicTask1
    timer1a.o(.ARM.exidx.text.Timer1A_Init) refers to timer1a.o(.text.Timer1A_Init) for [Anonymous Symbol]
    timer1a.o(.text.Timer1A_Handler) refers to timer1a.o(.data.SyncTime) for SyncTime
    timer1a.o(.text.Timer1A_Handler) refers to timer1a.o(.bss.PeriodicTask1) for PeriodicTask1
    timer1a.o(.ARM.exidx.text.Timer1A_Handler) refers to timer1a.o(.text.Timer1A_Handler) for [Anonymous Symbol]
    timer1a.o(.ARM.exidx.text.Timer1A_Stop) refers to timer1a.o(.text.Timer1A_Stop) for [Anonymous Symbol]
    startup.o(STACK) refers (Special) to heapauxi.o(.text) for __use_two_region_memory
    startup.o(HEAP) refers (Special) to heapauxi.o(.text) for __use_two_region_memory
    startup.o(RESET) refers (Special) to heapauxi.o(.text) for __use_two_region_memory
    startup.o(RESET) refers to startup.o(STACK) for StackMem
    startup.o(RESET) refers to timer1a.o(.text.Timer1A_Handler) for Timer1A_Handler
    startup.o(RESET) refers to __main.o(!!!main) for __main
    startup.o(.text) refers (Special) to heapauxi.o(.text) for __use_two_region_memory
    startup.o(.text) refers to startup.o(HEAP) for HeapMem
    startup.o(.text) refers to startup.o(STACK) for StackMem
    unified_port_init.o(.text.Unified_Port_Init) refers to unified_port_init.o(.text.Port_A_Init) for Port_A_Init
    unified_port_init.o(.text.Unified_Port_Init) refers to unified_port_init.o(.text.Port_B_Init) for Port_B_Init
    unified_port_init.o(.text.Unified_Port_Init) refers to unified_port_init.o(.text.Port_C_Init) for Port_C_Init
    unified_port_init.o(.text.Unified_Port_Init) refers to unified_port_init.o(.text.Port_D_Init) for Port_D_Init
    unified_port_init.o(.text.Unified_Port_Init) refers to unified_port_init.o(.text.Port_E_Init) for Port_E_Init
    unified_port_init.o(.text.Unified_Port_Init) refers to unified_port_init.o(.text.Port_F_Init) for Port_F_Init
    unified_port_init.o(.ARM.exidx.text.Unified_Port_Init) refers to unified_port_init.o(.text.Unified_Port_Init) for [Anonymous Symbol]
    unified_port_init.o(.ARM.exidx.text.Port_A_Init) refers to unified_port_init.o(.text.Port_A_Init) for [Anonymous Symbol]
    unified_port_init.o(.ARM.exidx.text.Port_B_Init) refers to unified_port_init.o(.text.Port_B_Init) for [Anonymous Symbol]
    unified_port_init.o(.ARM.exidx.text.Port_C_Init) refers to unified_port_init.o(.text.Port_C_Init) for [Anonymous Symbol]
    unified_port_init.o(.ARM.exidx.text.Port_D_Init) refers to unified_port_init.o(.text.Port_D_Init) for [Anonymous Symbol]
    unified_port_init.o(.ARM.exidx.text.Port_E_Init) refers to unified_port_init.o(.text.Port_E_Init) for [Anonymous Symbol]
    unified_port_init.o(.ARM.exidx.text.Port_F_Init) refers to unified_port_init.o(.text.Port_F_Init) for [Anonymous Symbol]
    lcd_uart.o(.ARM.exidx.text.LCD_UART_Init) refers to lcd_uart.o(.text.LCD_UART_Init) for [Anonymous Symbol]
    lcd_uart.o(.ARM.exidx.text.LCD_Clear) refers to lcd_uart.o(.text.LCD_Clear) for [Anonymous Symbol]
    lcd_uart.o(.ARM.exidx.text.LCD_DrawRectangle) refers to lcd_uart.o(.text.LCD_DrawRectangle) for [Anonymous Symbol]
    lcd_uart.o(.ARM.exidx.text.LCD_InData) refers to lcd_uart.o(.text.LCD_InData) for [Anonymous Symbol]
    lcd_uart.o(.text.LCD_WriteString) refers to lcd_uart.o(.text.LCD_InData) for LCD_InData
    lcd_uart.o(.ARM.exidx.text.LCD_WriteString) refers to lcd_uart.o(.text.LCD_WriteString) for [Anonymous Symbol]
    lcd_uart.o(.text.LCD_FileMount) refers to lcd_uart.o(.text.LCD_InData) for LCD_InData
    lcd_uart.o(.text.LCD_FileMount) refers to lcd_uart.o(.rodata.str1.1) for .L.str
    lcd_uart.o(.text.LCD_FileMount) refers to lcd_uart.o(.text.LCD_WriteString) for LCD_WriteString
    lcd_uart.o(.ARM.exidx.text.LCD_FileMount) refers to lcd_uart.o(.text.LCD_FileMount) for [Anonymous Symbol]
    lcd_uart.o(.text.LCD_FileUnmount) refers to lcd_uart.o(.text.LCD_InData) for LCD_InData
    lcd_uart.o(.text.LCD_FileUnmount) refers to lcd_uart.o(.rodata.str1.1) for .L.str.1
    lcd_uart.o(.text.LCD_FileUnmount) refers to lcd_uart.o(.text.LCD_WriteString) for LCD_WriteString
    lcd_uart.o(.ARM.exidx.text.LCD_FileUnmount) refers to lcd_uart.o(.text.LCD_FileUnmount) for [Anonymous Symbol]
    lcd_uart.o(.text.LCD_FileOpen) refers to lcd_uart.o(.text.LCD_InData) for LCD_InData
    lcd_uart.o(.text.LCD_FileOpen) refers to lcd_uart.o(.rodata.str1.1) for .L.str.2
    lcd_uart.o(.text.LCD_FileOpen) refers to lcd_uart.o(.text.LCD_WriteString) for LCD_WriteString
    lcd_uart.o(.ARM.exidx.text.LCD_FileOpen) refers to lcd_uart.o(.text.LCD_FileOpen) for [Anonymous Symbol]
    lcd_uart.o(.text.LCD_FileWrite) refers to uart.o(.bss.image_array) for image_array
    lcd_uart.o(.text.LCD_FileWrite) refers to lcd_uart.o(.text.LCD_InData) for LCD_InData
    lcd_uart.o(.text.LCD_FileWrite) refers to lcd_uart.o(.rodata.str1.1) for .L.str.3
    lcd_uart.o(.text.LCD_FileWrite) refers to lcd_uart.o(.text.LCD_WriteString) for LCD_WriteString
    lcd_uart.o(.ARM.exidx.text.LCD_FileWrite) refers to lcd_uart.o(.text.LCD_FileWrite) for [Anonymous Symbol]
    lcd_uart.o(.text.LCD_FileClose) refers to lcd_uart.o(.text.LCD_InData) for LCD_InData
    lcd_uart.o(.text.LCD_FileClose) refers to lcd_uart.o(.rodata.str1.1) for .L.str.4
    lcd_uart.o(.text.LCD_FileClose) refers to lcd_uart.o(.text.LCD_WriteString) for LCD_WriteString
    lcd_uart.o(.ARM.exidx.text.LCD_FileClose) refers to lcd_uart.o(.text.LCD_FileClose) for [Anonymous Symbol]
    lcd_uart.o(.text.LCD_CountFiles) refers to lcd_uart.o(.text.LCD_InData) for LCD_InData
    lcd_uart.o(.ARM.exidx.text.LCD_CountFiles) refers to lcd_uart.o(.text.LCD_CountFiles) for [Anonymous Symbol]
    lcd_uart.o(.text.LCD_DisplayImage) refers to lcd_uart.o(.text.LCD_InData) for LCD_InData
    lcd_uart.o(.text.LCD_DisplayImage) refers to lcd_uart.o(.rodata.str1.1) for .L.str.5
    lcd_uart.o(.text.LCD_DisplayImage) refers to lcd_uart.o(.text.LCD_WriteString) for LCD_WriteString
    lcd_uart.o(.ARM.exidx.text.LCD_DisplayImage) refers to lcd_uart.o(.text.LCD_DisplayImage) for [Anonymous Symbol]
    dma_uart.o(.text.DMA_UART_Init) refers to dma_uart.o(.bss.ucControlTable) for ucControlTable
    dma_uart.o(.ARM.exidx.text.DMA_UART_Init) refers to dma_uart.o(.text.DMA_UART_Init) for [Anonymous Symbol]
    dma_uart.o(.text.DMA_UART_Transfer) refers to dma_uart.o(.bss.ucControlTable) for ucControlTable
    dma_uart.o(.ARM.exidx.text.DMA_UART_Transfer) refers to dma_uart.o(.text.DMA_UART_Transfer) for [Anonymous Symbol]
    dma_uart.o(.ARM.exidx.text.DMA_UART_Status) refers to dma_uart.o(.text.DMA_UART_Status) for [Anonymous Symbol]
    dma_uart.o(.text.DMA_UART_Enable) refers to dma_uart.o(.text.DMA_UART_Init) for DMA_UART_Init
    dma_uart.o(.ARM.exidx.text.DMA_UART_Enable) refers to dma_uart.o(.text.DMA_UART_Enable) for [Anonymous Symbol]
    dma_uart.o(.ARM.exidx.text.DMA_UART_Disable) refers to dma_uart.o(.text.DMA_UART_Disable) for [Anonymous Symbol]
    uart0.o(.ARM.exidx.text.UART0_Init) refers to uart0.o(.text.UART0_Init) for [Anonymous Symbol]
    uart0.o(.ARM.exidx.text.UART0_InChar) refers to uart0.o(.text.UART0_InChar) for [Anonymous Symbol]
    uart0.o(.ARM.exidx.text.UART0_OutChar) refers to uart0.o(.text.UART0_OutChar) for [Anonymous Symbol]
    uart0.o(.text.UART0_OutString) refers to uart0.o(.text.UART0_OutChar) for UART0_OutChar
    uart0.o(.ARM.exidx.text.UART0_OutString) refers to uart0.o(.text.UART0_OutString) for [Anonymous Symbol]
    uart0.o(.text.UART0_InUDec) refers to uart0.o(.text.UART0_InChar) for UART0_InChar
    uart0.o(.text.UART0_InUDec) refers to uart0.o(.text.UART0_OutChar) for UART0_OutChar
    uart0.o(.ARM.exidx.text.UART0_InUDec) refers to uart0.o(.text.UART0_InUDec) for [Anonymous Symbol]
    uart0.o(.text.UART0_OutUDec) refers to uart0.o(.text.UART0_OutChar) for UART0_OutChar
    uart0.o(.ARM.exidx.text.UART0_OutUDec) refers to uart0.o(.text.UART0_OutUDec) for [Anonymous Symbol]
    uart0.o(.text.UART0_InUHex) refers to uart0.o(.text.UART0_InChar) for UART0_InChar
    uart0.o(.text.UART0_InUHex) refers to uart0.o(.text.UART0_OutChar) for UART0_OutChar
    uart0.o(.ARM.exidx.text.UART0_InUHex) refers to uart0.o(.text.UART0_InUHex) for [Anonymous Symbol]
    uart0.o(.text.UART0_OutUHex) refers to uart0.o(.text.UART0_OutChar) for UART0_OutChar
    uart0.o(.ARM.exidx.text.UART0_OutUHex) refers to uart0.o(.text.UART0_OutUHex) for [Anonymous Symbol]
    uart0.o(.text.outnibble) refers to uart0.o(.text.UART0_OutChar) for UART0_OutChar
    uart0.o(.ARM.exidx.text.outnibble) refers to uart0.o(.text.outnibble) for [Anonymous Symbol]
    uart0.o(.text.UART0_OutUHex2) refers to uart0.o(.text.outnibble) for outnibble
    uart0.o(.ARM.exidx.text.UART0_OutUHex2) refers to uart0.o(.text.UART0_OutUHex2) for [Anonymous Symbol]
    uart0.o(.text.UART0_InString) refers to uart0.o(.text.UART0_InChar) for UART0_InChar
    uart0.o(.text.UART0_InString) refers to uart0.o(.text.UART0_OutChar) for UART0_OutChar
    uart0.o(.ARM.exidx.text.UART0_InString) refers to uart0.o(.text.UART0_InString) for [Anonymous Symbol]
    uart0.o(.text.fputc) refers to uart0.o(.text.UART0_OutChar) for UART0_OutChar
    uart0.o(.ARM.exidx.text.fputc) refers to uart0.o(.text.fputc) for [Anonymous Symbol]
    uart0.o(.text.fgetc) refers to uart0.o(.text.UART0_InChar) for UART0_InChar
    uart0.o(.text.fgetc) refers to uart0.o(.text.UART0_OutChar) for UART0_OutChar
    uart0.o(.ARM.exidx.text.fgetc) refers to uart0.o(.text.fgetc) for [Anonymous Symbol]
    uart0.o(.ARM.exidx.text.ferror) refers to uart0.o(.text.ferror) for [Anonymous Symbol]
    uart0.o(.text.Output_Init) refers to uart0.o(.text.UART0_Init) for UART0_Init
    uart0.o(.ARM.exidx.text.Output_Init) refers to uart0.o(.text.Output_Init) for [Anonymous Symbol]
    __main.o(!!!main) refers to __rtentry.o(.ARM.Collect$$rtentry$$00000000) for __rt_entry
    __rtentry.o(.ARM.Collect$$rtentry$$00000000) refers (Special) to __rtentry2.o(.ARM.Collect$$rtentry$$0000000A) for __rt_entry_li
    __rtentry.o(.ARM.Collect$$rtentry$$00000000) refers (Special) to __rtentry2.o(.ARM.Collect$$rtentry$$0000000D) for __rt_entry_main
    __rtentry.o(.ARM.Collect$$rtentry$$00000000) refers (Special) to __rtentry2.o(.ARM.Collect$$rtentry$$0000000C) for __rt_entry_postli_1
    __rtentry.o(.ARM.Collect$$rtentry$$00000000) refers (Special) to __rtentry2.o(.ARM.Collect$$rtentry$$00000009) for __rt_entry_postsh_1
    __rtentry.o(.ARM.Collect$$rtentry$$00000000) refers (Special) to __rtentry2.o(.ARM.Collect$$rtentry$$00000002) for __rt_entry_presh_1
    __rtentry.o(.ARM.Collect$$rtentry$$00000000) refers (Special) to __rtentry4.o(.ARM.Collect$$rtentry$$00000004) for __rt_entry_sh
    __rtentry2.o(.ARM.Collect$$rtentry$$00000008) refers to boardinit2.o(.text) for _platform_post_stackheap_init
    __rtentry2.o(.ARM.Collect$$rtentry$$0000000A) refers to libinit.o(.ARM.Collect$$libinit$$00000000) for __rt_lib_init
    __rtentry2.o(.ARM.Collect$$rtentry$$0000000B) refers to boardinit3.o(.text) for _platform_post_lib_init
    __rtentry2.o(.ARM.Collect$$rtentry$$0000000D) refers to main.o(.text.main) for main
    __rtentry2.o(.ARM.Collect$$rtentry$$0000000D) refers to exit.o(.text) for exit
    __rtentry2.o(.ARM.exidx) refers to __rtentry2.o(.ARM.Collect$$rtentry$$00000001) for .ARM.Collect$$rtentry$$00000001
    __rtentry2.o(.ARM.exidx) refers to __rtentry2.o(.ARM.Collect$$rtentry$$00000008) for .ARM.Collect$$rtentry$$00000008
    __rtentry2.o(.ARM.exidx) refers to __rtentry2.o(.ARM.Collect$$rtentry$$0000000A) for .ARM.Collect$$rtentry$$0000000A
    __rtentry2.o(.ARM.exidx) refers to __rtentry2.o(.ARM.Collect$$rtentry$$0000000B) for .ARM.Collect$$rtentry$$0000000B
    __rtentry2.o(.ARM.exidx) refers to __rtentry2.o(.ARM.Collect$$rtentry$$0000000D) for .ARM.Collect$$rtentry$$0000000D
    __rtentry4.o(.ARM.Collect$$rtentry$$00000004) refers to sys_stackheap_outer.o(.text) for __user_setup_stackheap
    __rtentry4.o(.ARM.exidx) refers to __rtentry4.o(.ARM.Collect$$rtentry$$00000004) for .ARM.Collect$$rtentry$$00000004
    sys_stackheap_outer.o(.text) refers to libspace.o(.text) for __user_perproc_libspace
    sys_stackheap_outer.o(.text) refers to startup.o(.text) for __user_initial_stackheap
    exit.o(.text) refers to rtexit.o(.ARM.Collect$$rtexit$$00000000) for __rt_exit
    libinit.o(.ARM.Collect$$libinit$$00000000) refers (Special) to libinit2.o(.ARM.Collect$$libinit$$0000002E) for __rt_lib_init_alloca_1
    libinit.o(.ARM.Collect$$libinit$$00000000) refers (Special) to libinit2.o(.ARM.Collect$$libinit$$0000002C) for __rt_lib_init_argv_1
    libinit.o(.ARM.Collect$$libinit$$00000000) refers (Special) to libinit2.o(.ARM.Collect$$libinit$$0000001B) for __rt_lib_init_atexit_1
    libinit.o(.ARM.Collect$$libinit$$00000000) refers (Special) to libinit2.o(.ARM.Collect$$libinit$$00000021) for __rt_lib_init_clock_1
    libinit.o(.ARM.Collect$$libinit$$00000000) refers (Special) to libinit2.o(.ARM.Collect$$libinit$$00000032) for __rt_lib_init_cpp_1
    libinit.o(.ARM.Collect$$libinit$$00000000) refers (Special) to libinit2.o(.ARM.Collect$$libinit$$00000030) for __rt_lib_init_exceptions_1
    libinit.o(.ARM.Collect$$libinit$$00000000) refers (Special) to libinit2.o(.ARM.Collect$$libinit$$00000001) for __rt_lib_init_fp_1
    libinit.o(.ARM.Collect$$libinit$$00000000) refers (Special) to libinit2.o(.ARM.Collect$$libinit$$0000001F) for __rt_lib_init_fp_trap_1
    libinit.o(.ARM.Collect$$libinit$$00000000) refers (Special) to libinit2.o(.ARM.Collect$$libinit$$00000023) for __rt_lib_init_getenv_1
    libinit.o(.ARM.Collect$$libinit$$00000000) refers (Special) to libinit2.o(.ARM.Collect$$libinit$$0000000A) for __rt_lib_init_heap_1
    libinit.o(.ARM.Collect$$libinit$$00000000) refers (Special) to libinit2.o(.ARM.Collect$$libinit$$00000011) for __rt_lib_init_lc_collate_1
    libinit.o(.ARM.Collect$$libinit$$00000000) refers (Special) to libinit2.o(.ARM.Collect$$libinit$$00000013) for __rt_lib_init_lc_ctype_1
    libinit.o(.ARM.Collect$$libinit$$00000000) refers (Special) to libinit2.o(.ARM.Collect$$libinit$$00000015) for __rt_lib_init_lc_monetary_1
    libinit.o(.ARM.Collect$$libinit$$00000000) refers (Special) to libinit2.o(.ARM.Collect$$libinit$$00000017) for __rt_lib_init_lc_numeric_1
    libinit.o(.ARM.Collect$$libinit$$00000000) refers (Special) to libinit2.o(.ARM.Collect$$libinit$$00000019) for __rt_lib_init_lc_time_1
    libinit.o(.ARM.Collect$$libinit$$00000000) refers (Special) to libinit2.o(.ARM.Collect$$libinit$$00000004) for __rt_lib_init_preinit_1
    libinit.o(.ARM.Collect$$libinit$$00000000) refers (Special) to libinit2.o(.ARM.Collect$$libinit$$0000000E) for __rt_lib_init_rand_1
    libinit.o(.ARM.Collect$$libinit$$00000000) refers (Special) to libinit2.o(.ARM.Collect$$libinit$$00000033) for __rt_lib_init_return
    libinit.o(.ARM.Collect$$libinit$$00000000) refers (Special) to libinit2.o(.ARM.Collect$$libinit$$0000001D) for __rt_lib_init_signal_1
    libinit.o(.ARM.Collect$$libinit$$00000000) refers (Special) to libinit2.o(.ARM.Collect$$libinit$$00000025) for __rt_lib_init_stdio_1
    libinit.o(.ARM.Collect$$libinit$$00000000) refers (Special) to libinit2.o(.ARM.Collect$$libinit$$0000000C) for __rt_lib_init_user_alloc_1
    libspace.o(.text) refers to libspace.o(.bss) for __libspace_start
    rtexit.o(.ARM.Collect$$rtexit$$00000000) refers (Special) to rtexit2.o(.ARM.Collect$$rtexit$$00000004) for __rt_exit_exit
    rtexit.o(.ARM.Collect$$rtexit$$00000000) refers (Special) to rtexit2.o(.ARM.Collect$$rtexit$$00000003) for __rt_exit_ls
    rtexit.o(.ARM.Collect$$rtexit$$00000000) refers (Special) to rtexit2.o(.ARM.Collect$$rtexit$$00000002) for __rt_exit_prels_1
    rtexit.o(.ARM.exidx) refers (Special) to rtexit2.o(.ARM.Collect$$rtexit$$00000004) for __rt_exit_exit
    rtexit.o(.ARM.exidx) refers (Special) to rtexit2.o(.ARM.Collect$$rtexit$$00000003) for __rt_exit_ls
    rtexit.o(.ARM.exidx) refers (Special) to rtexit2.o(.ARM.Collect$$rtexit$$00000002) for __rt_exit_prels_1
    rtexit.o(.ARM.exidx) refers to rtexit.o(.ARM.Collect$$rtexit$$00000000) for .ARM.Collect$$rtexit$$00000000
    libinit2.o(.ARM.Collect$$libinit$$00000001) refers to fpinit.o(x$fpl$fpinit) for _fp_init
    libinit2.o(.ARM.Collect$$libinit$$00000010) refers to libinit2.o(.ARM.Collect$$libinit$$0000000F) for .ARM.Collect$$libinit$$0000000F
    libinit2.o(.ARM.Collect$$libinit$$00000012) refers to libinit2.o(.ARM.Collect$$libinit$$0000000F) for .ARM.Collect$$libinit$$0000000F
    libinit2.o(.ARM.Collect$$libinit$$00000014) refers to libinit2.o(.ARM.Collect$$libinit$$0000000F) for .ARM.Collect$$libinit$$0000000F
    libinit2.o(.ARM.Collect$$libinit$$00000016) refers to libinit2.o(.ARM.Collect$$libinit$$0000000F) for .ARM.Collect$$libinit$$0000000F
    libinit2.o(.ARM.Collect$$libinit$$00000018) refers to libinit2.o(.ARM.Collect$$libinit$$0000000F) for .ARM.Collect$$libinit$$0000000F
    libinit2.o(.ARM.Collect$$libinit$$00000026) refers to argv_veneer.o(.emb_text) for __ARM_argv_veneer
    libinit2.o(.ARM.Collect$$libinit$$00000027) refers to argv_veneer.o(.emb_text) for __ARM_argv_veneer
    rtexit2.o(.ARM.Collect$$rtexit$$00000003) refers to libshutdown.o(.ARM.Collect$$libshutdown$$00000000) for __rt_lib_shutdown
    rtexit2.o(.ARM.Collect$$rtexit$$00000004) refers to sys_exit.o(.text) for _sys_exit
    rtexit2.o(.ARM.exidx) refers to rtexit2.o(.ARM.Collect$$rtexit$$00000001) for .ARM.Collect$$rtexit$$00000001
    rtexit2.o(.ARM.exidx) refers to rtexit2.o(.ARM.Collect$$rtexit$$00000003) for .ARM.Collect$$rtexit$$00000003
    rtexit2.o(.ARM.exidx) refers to rtexit2.o(.ARM.Collect$$rtexit$$00000004) for .ARM.Collect$$rtexit$$00000004
    argv_veneer.o(.emb_text) refers to no_argv.o(.text) for __ARM_get_argv
    sys_exit.o(.text) refers (Special) to use_no_semi.o(.text) for __I$use$semihosting
    sys_exit.o(.text) refers (Special) to indicate_semi.o(.text) for __semihosting_library_function
    sys_exit_hlt.o(.text) refers (Special) to use_no_semi.o(.text) for __I$use$semihosting
    sys_exit_hlt.o(.text) refers (Special) to indicate_semi.o(.text) for __semihosting_library_function
    _get_argv_nomalloc.o(.text) refers (Special) to hrguard.o(.text) for __heap_region$guard
    _get_argv_nomalloc.o(.text) refers to defsig_rtmem_outer.o(.text) for __rt_SIGRTMEM
    _get_argv_nomalloc.o(.text) refers to sys_command.o(.text) for _sys_command_string
    libshutdown.o(.ARM.Collect$$libshutdown$$00000000) refers (Special) to libshutdown2.o(.ARM.Collect$$libshutdown$$00000002) for __rt_lib_shutdown_cpp_1
    libshutdown.o(.ARM.Collect$$libshutdown$$00000000) refers (Special) to libshutdown2.o(.ARM.Collect$$libshutdown$$00000007) for __rt_lib_shutdown_fp_trap_1
    libshutdown.o(.ARM.Collect$$libshutdown$$00000000) refers (Special) to libshutdown2.o(.ARM.Collect$$libshutdown$$0000000F) for __rt_lib_shutdown_heap_1
    libshutdown.o(.ARM.Collect$$libshutdown$$00000000) refers (Special) to libshutdown2.o(.ARM.Collect$$libshutdown$$00000010) for __rt_lib_shutdown_return
    libshutdown.o(.ARM.Collect$$libshutdown$$00000000) refers (Special) to libshutdown2.o(.ARM.Collect$$libshutdown$$0000000A) for __rt_lib_shutdown_signal_1
    libshutdown.o(.ARM.Collect$$libshutdown$$00000000) refers (Special) to libshutdown2.o(.ARM.Collect$$libshutdown$$00000004) for __rt_lib_shutdown_stdio_1
    libshutdown.o(.ARM.Collect$$libshutdown$$00000000) refers (Special) to libshutdown2.o(.ARM.Collect$$libshutdown$$0000000C) for __rt_lib_shutdown_user_alloc_1
    sys_command.o(.text) refers (Special) to use_no_semi.o(.text) for __I$use$semihosting
    sys_command.o(.text) refers (Special) to indicate_semi.o(.text) for __semihosting_library_function
    sys_command_hlt.o(.text) refers (Special) to use_no_semi.o(.text) for __I$use$semihosting
    sys_command_hlt.o(.text) refers (Special) to indicate_semi.o(.text) for __semihosting_library_function
    defsig_rtmem_outer.o(.text) refers to defsig_rtmem_inner.o(.text) for __rt_SIGRTMEM_inner
    defsig_rtmem_outer.o(.text) refers to defsig_exit.o(.text) for __sig_exit
    defsig_rtmem_formal.o(.text) refers to rt_raise.o(.text) for __rt_raise
    rt_raise.o(.text) refers to __raise.o(.text) for __raise
    rt_raise.o(.text) refers to sys_exit.o(.text) for _sys_exit
    defsig_exit.o(.text) refers to sys_exit.o(.text) for _sys_exit
    defsig_rtmem_inner.o(.text) refers to defsig_general.o(.text) for __default_signal_display
    __raise.o(.text) refers to defsig.o(CL$$defsig) for __default_signal_handler
    defsig_general.o(.text) refers to sys_wrch.o(.text) for _ttywrch
    sys_wrch.o(.text) refers (Special) to use_no_semi.o(.text) for __I$use$semihosting
    sys_wrch.o(.text) refers (Special) to indicate_semi.o(.text) for __semihosting_library_function
    sys_wrch_hlt.o(.text) refers (Special) to use_no_semi.o(.text) for __I$use$semihosting
    sys_wrch_hlt.o(.text) refers (Special) to indicate_semi.o(.text) for __semihosting_library_function
    defsig.o(CL$$defsig) refers to defsig_rtmem_inner.o(.text) for __rt_SIGRTMEM_inner
    defsig_abrt_inner.o(.text) refers to defsig_general.o(.text) for __default_signal_display
    defsig_fpe_inner.o(.text) refers to defsig_general.o(.text) for __default_signal_display
    defsig_rtred_inner.o(.text) refers to defsig_general.o(.text) for __default_signal_display
    defsig_stak_inner.o(.text) refers to defsig_general.o(.text) for __default_signal_display
    defsig_pvfn_inner.o(.text) refers to defsig_general.o(.text) for __default_signal_display
    defsig_cppl_inner.o(.text) refers to defsig_general.o(.text) for __default_signal_display
    defsig_segv_inner.o(.text) refers to defsig_general.o(.text) for __default_signal_display
    defsig_other.o(.text) refers to defsig_general.o(.text) for __default_signal_display


==============================================================================

Removing Unused input sections from the image.

    Removing main.o(.text), (0 bytes).
    Removing main.o(.ARM.exidx.text.LCD_main), (8 bytes).
    Removing main.o(.ARM.exidx.text.main), (8 bytes).
    Removing main.o(.ARM.use_no_argv), (4 bytes).
    Removing pll.o(.text), (0 bytes).
    Removing pll.o(.ARM.exidx.text.PLL_Init), (8 bytes).
    Removing uart.o(.text), (0 bytes).
    Removing uart.o(.text.UART_Init), (166 bytes).
    Removing uart.o(.ARM.exidx.text.UART_Init), (8 bytes).
    Removing uart.o(.text.UART_InData), (230 bytes).
    Removing uart.o(.ARM.exidx.text.UART_InData), (8 bytes).
    Removing uart.o(.text.UART_OutSync), (182 bytes).
    Removing uart.o(.ARM.exidx.text.UART_OutSync), (8 bytes).
    Removing uart.o(.text.UART_OutACK), (182 bytes).
    Removing uart.o(.ARM.exidx.text.UART_OutACK), (8 bytes).
    Removing uart.o(.text.UART_OutInitial), (182 bytes).
    Removing uart.o(.ARM.exidx.text.UART_OutInitial), (8 bytes).
    Removing uart.o(.text.UART_OutPackageSize), (182 bytes).
    Removing uart.o(.ARM.exidx.text.UART_OutPackageSize), (8 bytes).
    Removing uart.o(.text.UART_OutSnapshot), (182 bytes).
    Removing uart.o(.ARM.exidx.text.UART_OutSnapshot), (8 bytes).
    Removing uart.o(.text.UART_OutGetPic), (182 bytes).
    Removing uart.o(.ARM.exidx.text.UART_OutGetPic), (8 bytes).
    Removing uart.o(.text.UART_OutCUSTOMACK), (392 bytes).
    Removing uart.o(.ARM.exidx.text.UART_OutCUSTOMACK), (8 bytes).
    Removing uart.o(.text.UART_ReadSingleByte), (32 bytes).
    Removing uart.o(.ARM.exidx.text.UART_ReadSingleByte), (8 bytes).
    Removing uart.o(.text.UART_InNBytes), (74 bytes).
    Removing uart.o(.ARM.exidx.text.UART_InNBytes), (8 bytes).
    Removing uart.o(.bss.array), (6 bytes).
    Removing uart.o(.bss.image_array), (512 bytes).
    Removing timer1a.o(.text), (0 bytes).
    Removing timer1a.o(.text.Timer1A_Init), (160 bytes).
    Removing timer1a.o(.ARM.exidx.text.Timer1A_Init), (8 bytes).
    Removing timer1a.o(.ARM.exidx.text.Timer1A_Handler), (8 bytes).
    Removing timer1a.o(.text.Timer1A_Stop), (28 bytes).
    Removing timer1a.o(.ARM.exidx.text.Timer1A_Stop), (8 bytes).
    Removing cortexm.o(.text), (0 bytes).
    Removing unified_port_init.o(.text), (0 bytes).
    Removing unified_port_init.o(.ARM.exidx.text.Unified_Port_Init), (8 bytes).
    Removing unified_port_init.o(.ARM.exidx.text.Port_A_Init), (8 bytes).
    Removing unified_port_init.o(.ARM.exidx.text.Port_B_Init), (8 bytes).
    Removing unified_port_init.o(.ARM.exidx.text.Port_C_Init), (8 bytes).
    Removing unified_port_init.o(.ARM.exidx.text.Port_D_Init), (8 bytes).
    Removing unified_port_init.o(.ARM.exidx.text.Port_E_Init), (8 bytes).
    Removing unified_port_init.o(.ARM.exidx.text.Port_F_Init), (8 bytes).
    Removing lcd_uart.o(.text), (0 bytes).
    Removing lcd_uart.o(.ARM.exidx.text.LCD_UART_Init), (8 bytes).
    Removing lcd_uart.o(.ARM.exidx.text.LCD_Clear), (8 bytes).
    Removing lcd_uart.o(.text.LCD_DrawRectangle), (36 bytes).
    Removing lcd_uart.o(.ARM.exidx.text.LCD_DrawRectangle), (8 bytes).
    Removing lcd_uart.o(.ARM.exidx.text.LCD_InData), (8 bytes).
    Removing lcd_uart.o(.ARM.exidx.text.LCD_WriteString), (8 bytes).
    Removing lcd_uart.o(.text.LCD_FileMount), (110 bytes).
    Removing lcd_uart.o(.ARM.exidx.text.LCD_FileMount), (8 bytes).
    Removing lcd_uart.o(.text.LCD_FileUnmount), (96 bytes).
    Removing lcd_uart.o(.ARM.exidx.text.LCD_FileUnmount), (8 bytes).
    Removing lcd_uart.o(.text.LCD_FileOpen), (292 bytes).
    Removing lcd_uart.o(.ARM.exidx.text.LCD_FileOpen), (8 bytes).
    Removing lcd_uart.o(.text.LCD_FileWrite), (424 bytes).
    Removing lcd_uart.o(.ARM.exidx.text.LCD_FileWrite), (8 bytes).
    Removing lcd_uart.o(.text.LCD_FileClose), (188 bytes).
    Removing lcd_uart.o(.ARM.exidx.text.LCD_FileClose), (8 bytes).
    Removing lcd_uart.o(.text.LCD_CountFiles), (320 bytes).
    Removing lcd_uart.o(.ARM.exidx.text.LCD_CountFiles), (8 bytes).
    Removing lcd_uart.o(.text.LCD_DisplayImage), (324 bytes).
    Removing lcd_uart.o(.ARM.exidx.text.LCD_DisplayImage), (8 bytes).
    Removing lcd_uart.o(.rodata.str1.1), (130 bytes).
    Removing dma_uart.o(.text), (0 bytes).
    Removing dma_uart.o(.text.DMA_UART_Init), (160 bytes).
    Removing dma_uart.o(.ARM.exidx.text.DMA_UART_Init), (8 bytes).
    Removing dma_uart.o(.text.DMA_UART_Transfer), (70 bytes).
    Removing dma_uart.o(.ARM.exidx.text.DMA_UART_Transfer), (8 bytes).
    Removing dma_uart.o(.text.DMA_UART_Status), (16 bytes).
    Removing dma_uart.o(.ARM.exidx.text.DMA_UART_Status), (8 bytes).
    Removing dma_uart.o(.text.DMA_UART_Enable), (22 bytes).
    Removing dma_uart.o(.ARM.exidx.text.DMA_UART_Enable), (8 bytes).
    Removing dma_uart.o(.text.DMA_UART_Disable), (16 bytes).
    Removing dma_uart.o(.ARM.exidx.text.DMA_UART_Disable), (8 bytes).
    Removing dma_uart.o(.bss.ucControlTable), (1024 bytes).
    Removing uart0.o(.text), (0 bytes).
    Removing uart0.o(.text.UART0_Init), (160 bytes).
    Removing uart0.o(.ARM.exidx.text.UART0_Init), (8 bytes).
    Removing uart0.o(.text.UART0_InChar), (36 bytes).
    Removing uart0.o(.ARM.exidx.text.UART0_InChar), (8 bytes).
    Removing uart0.o(.text.UART0_OutChar), (48 bytes).
    Removing uart0.o(.ARM.exidx.text.UART0_OutChar), (8 bytes).
    Removing uart0.o(.text.UART0_OutString), (38 bytes).
    Removing uart0.o(.ARM.exidx.text.UART0_OutString), (8 bytes).
    Removing uart0.o(.text.UART0_InUDec), (158 bytes).
    Removing uart0.o(.ARM.exidx.text.UART0_InUDec), (8 bytes).
    Removing uart0.o(.text.UART0_OutUDec), (76 bytes).
    Removing uart0.o(.ARM.exidx.text.UART0_OutUDec), (8 bytes).
    Removing uart0.o(.text.UART0_InUHex), (220 bytes).
    Removing uart0.o(.ARM.exidx.text.UART0_InUHex), (8 bytes).
    Removing uart0.o(.text.UART0_OutUHex), (72 bytes).
    Removing uart0.o(.ARM.exidx.text.UART0_OutUHex), (8 bytes).
    Removing uart0.o(.text.outnibble), (42 bytes).
    Removing uart0.o(.ARM.exidx.text.outnibble), (8 bytes).
    Removing uart0.o(.text.UART0_OutUHex2), (28 bytes).
    Removing uart0.o(.ARM.exidx.text.UART0_OutUHex2), (8 bytes).
    Removing uart0.o(.text.UART0_InString), (142 bytes).
    Removing uart0.o(.ARM.exidx.text.UART0_InString), (8 bytes).
    Removing uart0.o(.text.fputc), (70 bytes).
    Removing uart0.o(.ARM.exidx.text.fputc), (8 bytes).
    Removing uart0.o(.text.fgetc), (30 bytes).
    Removing uart0.o(.ARM.exidx.text.fgetc), (8 bytes).
    Removing uart0.o(.text.ferror), (12 bytes).
    Removing uart0.o(.ARM.exidx.text.ferror), (8 bytes).
    Removing uart0.o(.text.Output_Init), (8 bytes).
    Removing uart0.o(.ARM.exidx.text.Output_Init), (8 bytes).

111 unused section(s) (total 7512 bytes) removed from the image.

==============================================================================

Image Symbol Table

    Local Symbols

    Symbol Name                              Value     Ov Type        Size  Object(Section)

    ../clib/angel/boardlib.s                 0x00000000   Number         0  boardinit1.o ABSOLUTE
    ../clib/angel/boardlib.s                 0x00000000   Number         0  boardinit2.o ABSOLUTE
    ../clib/angel/boardlib.s                 0x00000000   Number         0  boardinit3.o ABSOLUTE
    ../clib/angel/boardlib.s                 0x00000000   Number         0  boardshut.o ABSOLUTE
    ../clib/angel/handlers.s                 0x00000000   Number         0  __scatter_copy.o ABSOLUTE
    ../clib/angel/handlers.s                 0x00000000   Number         0  __scatter_zi.o ABSOLUTE
    ../clib/angel/kernel.s                   0x00000000   Number         0  __rtentry.o ABSOLUTE
    ../clib/angel/kernel.s                   0x00000000   Number         0  __rtentry2.o ABSOLUTE
    ../clib/angel/kernel.s                   0x00000000   Number         0  __rtentry4.o ABSOLUTE
    ../clib/angel/kernel.s                   0x00000000   Number         0  rtexit.o ABSOLUTE
    ../clib/angel/kernel.s                   0x00000000   Number         0  rtexit2.o ABSOLUTE
    ../clib/angel/rt.s                       0x00000000   Number         0  rt_raise.o ABSOLUTE
    ../clib/angel/scatter.s                  0x00000000   Number         0  __scatter.o ABSOLUTE
    ../clib/angel/startup.s                  0x00000000   Number         0  __main.o ABSOLUTE
    ../clib/angel/sys.s                      0x00000000   Number         0  sys_stackheap_outer.o ABSOLUTE
    ../clib/angel/sys.s                      0x00000000   Number         0  libspace.o ABSOLUTE
    ../clib/angel/sys.s                      0x00000000   Number         0  use_no_semi.o ABSOLUTE
    ../clib/angel/sys.s                      0x00000000   Number         0  indicate_semi.o ABSOLUTE
    ../clib/angel/sysapp.c                   0x00000000   Number         0  sys_exit.o ABSOLUTE
    ../clib/angel/sysapp.c                   0x00000000   Number         0  sys_exit_hlt.o ABSOLUTE
    ../clib/angel/sysapp.c                   0x00000000   Number         0  sys_command.o ABSOLUTE
    ../clib/angel/sysapp.c                   0x00000000   Number         0  sys_command_hlt.o ABSOLUTE
    ../clib/angel/sysapp.c                   0x00000000   Number         0  sys_wrch.o ABSOLUTE
    ../clib/angel/sysapp.c                   0x00000000   Number         0  sys_wrch_hlt.o ABSOLUTE
    ../clib/armsys.c                         0x00000000   Number         0  argv_veneer.o ABSOLUTE
    ../clib/armsys.c                         0x00000000   Number         0  argv_veneer.o ABSOLUTE
    ../clib/armsys.c                         0x00000000   Number         0  _get_argv_nomalloc.o ABSOLUTE
    ../clib/armsys.c                         0x00000000   Number         0  no_argv.o ABSOLUTE
    ../clib/heapalloc.c                      0x00000000   Number         0  hrguard.o ABSOLUTE
    ../clib/heapaux.c                        0x00000000   Number         0  heapauxi.o ABSOLUTE
    ../clib/libinit.s                        0x00000000   Number         0  libinit.o ABSOLUTE
    ../clib/libinit.s                        0x00000000   Number         0  libinit2.o ABSOLUTE
    ../clib/libinit.s                        0x00000000   Number         0  libshutdown.o ABSOLUTE
    ../clib/libinit.s                        0x00000000   Number         0  libshutdown2.o ABSOLUTE
    ../clib/signal.c                         0x00000000   Number         0  defsig_rtmem_outer.o ABSOLUTE
    ../clib/signal.c                         0x00000000   Number         0  defsig_rtmem_formal.o ABSOLUTE
    ../clib/signal.c                         0x00000000   Number         0  defsig_exit.o ABSOLUTE
    ../clib/signal.c                         0x00000000   Number         0  defsig_rtmem_inner.o ABSOLUTE
    ../clib/signal.c                         0x00000000   Number         0  __raise.o ABSOLUTE
    ../clib/signal.c                         0x00000000   Number         0  defsig_general.o ABSOLUTE
    ../clib/signal.c                         0x00000000   Number         0  defsig_abrt_inner.o ABSOLUTE
    ../clib/signal.c                         0x00000000   Number         0  defsig_fpe_inner.o ABSOLUTE
    ../clib/signal.c                         0x00000000   Number         0  defsig_rtred_inner.o ABSOLUTE
    ../clib/signal.c                         0x00000000   Number         0  defsig_stak_inner.o ABSOLUTE
    ../clib/signal.c                         0x00000000   Number         0  defsig_pvfn_inner.o ABSOLUTE
    ../clib/signal.c                         0x00000000   Number         0  defsig_cppl_inner.o ABSOLUTE
    ../clib/signal.c                         0x00000000   Number         0  defsig_segv_inner.o ABSOLUTE
    ../clib/signal.c                         0x00000000   Number         0  defsig_other.o ABSOLUTE
    ../clib/signal.s                         0x00000000   Number         0  defsig.o ABSOLUTE
    ../clib/stdlib.c                         0x00000000   Number         0  exit.o ABSOLUTE
    ../fplib/fpinit.s                        0x00000000   Number         0  fpinit.o ABSOLUTE
    CortexM.c                                0x00000000   Number         0  cortexm.o ABSOLUTE
    DMA_UART.c                               0x00000000   Number         0  dma_uart.o ABSOLUTE
    LCD_UART.c                               0x00000000   Number         0  lcd_uart.o ABSOLUTE
    PLL.c                                    0x00000000   Number         0  pll.o ABSOLUTE
    Timer1A.c                                0x00000000   Number         0  timer1a.o ABSOLUTE
    UART.c                                   0x00000000   Number         0  uart.o ABSOLUTE
    UART0.c                                  0x00000000   Number         0  uart0.o ABSOLUTE
    Unified_Port_Init.c                      0x00000000   Number         0  unified_port_init.o ABSOLUTE
    dc.s                                     0x00000000   Number         0  dc.o ABSOLUTE
    inc/startup.s                            0x00000000   Number         0  startup.o ABSOLUTE
    main.c                                   0x00000000   Number         0  main.o ABSOLUTE
    RESET                                    0x00000000   Section      660  startup.o(RESET)
    $v0                                      0x0000026c   Number         0  startup.o(RESET)
    NMI_Handler                              0x00000281   Thumb Code     0  startup.o(RESET)
    !!!main                                  0x00000294   Section        8  __main.o(!!!main)
    !!!scatter                               0x0000029c   Section       52  __scatter.o(!!!scatter)
    !!handler_copy                           0x000002d0   Section       26  __scatter_copy.o(!!handler_copy)
    !!handler_zi                             0x000002ec   Section       28  __scatter_zi.o(!!handler_zi)
    .ARM.Collect$$libinit$$00000000          0x00000308   Section        2  libinit.o(.ARM.Collect$$libinit$$00000000)
    .ARM.Collect$$libinit$$00000001          0x0000030a   Section        4  libinit2.o(.ARM.Collect$$libinit$$00000001)
    .ARM.Collect$$libinit$$00000004          0x0000030e   Section        0  libinit2.o(.ARM.Collect$$libinit$$00000004)
    .ARM.Collect$$libinit$$0000000A          0x0000030e   Section        0  libinit2.o(.ARM.Collect$$libinit$$0000000A)
    .ARM.Collect$$libinit$$0000000C          0x0000030e   Section        0  libinit2.o(.ARM.Collect$$libinit$$0000000C)
    .ARM.Collect$$libinit$$0000000E          0x0000030e   Section        0  libinit2.o(.ARM.Collect$$libinit$$0000000E)
    .ARM.Collect$$libinit$$00000011          0x0000030e   Section        0  libinit2.o(.ARM.Collect$$libinit$$00000011)
    .ARM.Collect$$libinit$$00000013          0x0000030e   Section        0  libinit2.o(.ARM.Collect$$libinit$$00000013)
    .ARM.Collect$$libinit$$00000015          0x0000030e   Section        0  libinit2.o(.ARM.Collect$$libinit$$00000015)
    .ARM.Collect$$libinit$$00000017          0x0000030e   Section        0  libinit2.o(.ARM.Collect$$libinit$$00000017)
    .ARM.Collect$$libinit$$00000019          0x0000030e   Section        0  libinit2.o(.ARM.Collect$$libinit$$00000019)
    .ARM.Collect$$libinit$$0000001B          0x0000030e   Section        0  libinit2.o(.ARM.Collect$$libinit$$0000001B)
    .ARM.Collect$$libinit$$0000001D          0x0000030e   Section        0  libinit2.o(.ARM.Collect$$libinit$$0000001D)
    .ARM.Collect$$libinit$$0000001F          0x0000030e   Section        0  libinit2.o(.ARM.Collect$$libinit$$0000001F)
    .ARM.Collect$$libinit$$00000021          0x0000030e   Section        0  libinit2.o(.ARM.Collect$$libinit$$00000021)
    .ARM.Collect$$libinit$$00000023          0x0000030e   Section        0  libinit2.o(.ARM.Collect$$libinit$$00000023)
    .ARM.Collect$$libinit$$00000025          0x0000030e   Section        0  libinit2.o(.ARM.Collect$$libinit$$00000025)
    .ARM.Collect$$libinit$$0000002C          0x0000030e   Section        0  libinit2.o(.ARM.Collect$$libinit$$0000002C)
    .ARM.Collect$$libinit$$0000002E          0x0000030e   Section        0  libinit2.o(.ARM.Collect$$libinit$$0000002E)
    .ARM.Collect$$libinit$$00000030          0x0000030e   Section        0  libinit2.o(.ARM.Collect$$libinit$$00000030)
    .ARM.Collect$$libinit$$00000032          0x0000030e   Section        0  libinit2.o(.ARM.Collect$$libinit$$00000032)
    .ARM.Collect$$libinit$$00000033          0x0000030e   Section        2  libinit2.o(.ARM.Collect$$libinit$$00000033)
    .ARM.Collect$$libshutdown$$00000000      0x00000310   Section        2  libshutdown.o(.ARM.Collect$$libshutdown$$00000000)
    .ARM.Collect$$libshutdown$$00000002      0x00000312   Section        0  libshutdown2.o(.ARM.Collect$$libshutdown$$00000002)
    .ARM.Collect$$libshutdown$$00000004      0x00000312   Section        0  libshutdown2.o(.ARM.Collect$$libshutdown$$00000004)
    .ARM.Collect$$libshutdown$$00000007      0x00000312   Section        0  libshutdown2.o(.ARM.Collect$$libshutdown$$00000007)
    .ARM.Collect$$libshutdown$$0000000A      0x00000312   Section        0  libshutdown2.o(.ARM.Collect$$libshutdown$$0000000A)
    .ARM.Collect$$libshutdown$$0000000C      0x00000312   Section        0  libshutdown2.o(.ARM.Collect$$libshutdown$$0000000C)
    .ARM.Collect$$libshutdown$$0000000F      0x00000312   Section        0  libshutdown2.o(.ARM.Collect$$libshutdown$$0000000F)
    .ARM.Collect$$libshutdown$$00000010      0x00000312   Section        2  libshutdown2.o(.ARM.Collect$$libshutdown$$00000010)
    .ARM.Collect$$rtentry$$00000000          0x00000314   Section        0  __rtentry.o(.ARM.Collect$$rtentry$$00000000)
    .ARM.Collect$$rtentry$$00000002          0x00000314   Section        0  __rtentry2.o(.ARM.Collect$$rtentry$$00000002)
    .ARM.Collect$$rtentry$$00000004          0x00000314   Section        6  __rtentry4.o(.ARM.Collect$$rtentry$$00000004)
    .ARM.Collect$$rtentry$$00000009          0x0000031a   Section        0  __rtentry2.o(.ARM.Collect$$rtentry$$00000009)
    .ARM.Collect$$rtentry$$0000000A          0x0000031a   Section        4  __rtentry2.o(.ARM.Collect$$rtentry$$0000000A)
    .ARM.Collect$$rtentry$$0000000C          0x0000031e   Section        0  __rtentry2.o(.ARM.Collect$$rtentry$$0000000C)
    .ARM.Collect$$rtentry$$0000000D          0x0000031e   Section        8  __rtentry2.o(.ARM.Collect$$rtentry$$0000000D)
    .ARM.Collect$$rtexit$$00000000           0x00000326   Section        2  rtexit.o(.ARM.Collect$$rtexit$$00000000)
    .ARM.Collect$$rtexit$$00000002           0x00000328   Section        0  rtexit2.o(.ARM.Collect$$rtexit$$00000002)
    .ARM.Collect$$rtexit$$00000003           0x00000328   Section        4  rtexit2.o(.ARM.Collect$$rtexit$$00000003)
    .ARM.Collect$$rtexit$$00000004           0x0000032c   Section        6  rtexit2.o(.ARM.Collect$$rtexit$$00000004)
    $v0                                      0x00000334   Number         0  startup.o(.text)
    .text                                    0x00000334   Section       48  startup.o(.text)
    .text                                    0x00000364   Section        0  heapauxi.o(.text)
    .text                                    0x0000036a   Section       74  sys_stackheap_outer.o(.text)
    .text                                    0x000003b4   Section        0  exit.o(.text)
    .text                                    0x000003c8   Section        8  libspace.o(.text)
    .text                                    0x000003d0   Section        0  sys_exit.o(.text)
    .text                                    0x000003dc   Section        2  use_no_semi.o(.text)
    .text                                    0x000003de   Section        0  indicate_semi.o(.text)
    [Anonymous Symbol]                       0x000003e0   Section        0  lcd_uart.o(.text.LCD_Clear)
    [Anonymous Symbol]                       0x00000428   Section        0  lcd_uart.o(.text.LCD_InData)
    [Anonymous Symbol]                       0x0000044c   Section        0  lcd_uart.o(.text.LCD_UART_Init)
    [Anonymous Symbol]                       0x000004f0   Section        0  lcd_uart.o(.text.LCD_WriteString)
    [Anonymous Symbol]                       0x000005b4   Section        0  main.o(.text.LCD_main)
    [Anonymous Symbol]                       0x000005e0   Section        0  pll.o(.text.PLL_Init)
    [Anonymous Symbol]                       0x00000668   Section        0  unified_port_init.o(.text.Port_A_Init)
    [Anonymous Symbol]                       0x00000794   Section        0  unified_port_init.o(.text.Port_B_Init)
    [Anonymous Symbol]                       0x00000900   Section        0  unified_port_init.o(.text.Port_C_Init)
    [Anonymous Symbol]                       0x00000984   Section        0  unified_port_init.o(.text.Port_D_Init)
    [Anonymous Symbol]                       0x00000a7c   Section        0  unified_port_init.o(.text.Port_E_Init)
    [Anonymous Symbol]                       0x00000b68   Section        0  unified_port_init.o(.text.Port_F_Init)
    [Anonymous Symbol]                       0x00000bf0   Section        0  timer1a.o(.text.Timer1A_Handler)
    [Anonymous Symbol]                       0x00000c30   Section        0  unified_port_init.o(.text.Unified_Port_Init)
    [Anonymous Symbol]                       0x00000c4c   Section        0  main.o(.text.main)
    $v0                                      0x00000c60   Number         0  fpinit.o(x$fpl$fpinit)
    x$fpl$fpinit                             0x00000c60   Section       26  fpinit.o(x$fpl$fpinit)
    .L.str                                   0x00000c7a   Data          18  main.o(.rodata.str1.1)
    [Anonymous Symbol]                       0x00000c7a   Section        0  main.o(.rodata.str1.1)
    .bss                                     0x20000008   Section       96  libspace.o(.bss)
    HeapMem                                  0x20000070   Data           0  startup.o(HEAP)
    StackMem                                 0x20000070   Data           0  startup.o(STACK)
    HEAP                                     0x20000070   Section        0  startup.o(HEAP)
    STACK                                    0x20000070   Section     1024  startup.o(STACK)

    Global Symbols

    Symbol Name                              Value     Ov Type        Size  Object(Section)

    BuildAttributes$$THM_ISAv4$E$P$D$K$B$S$7EM$VFPi3$EXTD16$VFPS$VFMA$PE$A:L22UL41UL21$X:L11$S22US41US21$IEEE1$IW$~IW$USESV6$~STKCKD$USESV7$~SHL$OSPACE$ROPI$EBA8$UX$STANDARDLIB$REQ8$PRES8$EABIv2 0x00000000   Number         0  anon$$obj.o ABSOLUTE
    __Vectors                                0x00000000   Data           0  startup.o(RESET)
    __ARM_exceptions_init                     - Undefined Weak Reference
    __alloca_initialize                       - Undefined Weak Reference
    __arm_preinit_                            - Undefined Weak Reference
    __cpp_initialize__aeabi_                  - Undefined Weak Reference
    __cxa_finalize                            - Undefined Weak Reference
    __rt_locale                               - Undefined Weak Reference
    __sigvec_lookup                           - Undefined Weak Reference
    _atexit_init                              - Undefined Weak Reference
    _call_atexit_fns                          - Undefined Weak Reference
    _clock_init                               - Undefined Weak Reference
    _fp_trap_init                             - Undefined Weak Reference
    _fp_trap_shutdown                         - Undefined Weak Reference
    _get_lc_collate                           - Undefined Weak Reference
    _get_lc_ctype                             - Undefined Weak Reference
    _get_lc_monetary                          - Undefined Weak Reference
    _get_lc_numeric                           - Undefined Weak Reference
    _get_lc_time                              - Undefined Weak Reference
    _getenv_init                              - Undefined Weak Reference
    _handle_redirection                       - Undefined Weak Reference
    _init_alloc                               - Undefined Weak Reference
    _init_user_alloc                          - Undefined Weak Reference
    _initio                                   - Undefined Weak Reference
    _rand_init                                - Undefined Weak Reference
    _signal_finish                            - Undefined Weak Reference
    _signal_init                              - Undefined Weak Reference
    _terminate_alloc                          - Undefined Weak Reference
    _terminate_user_alloc                     - Undefined Weak Reference
    _terminateio                              - Undefined Weak Reference
    Reset_Handler                            0x0000026d   Thumb Code     0  startup.o(RESET)
    HardFault_Handler                        0x00000283   Thumb Code     2  startup.o(RESET)
    MemManage_Handler                        0x00000285   Thumb Code     2  startup.o(RESET)
    BusFault_Handler                         0x00000287   Thumb Code     2  startup.o(RESET)
    UsageFault_Handler                       0x00000289   Thumb Code     2  startup.o(RESET)
    SVC_Handler                              0x0000028b   Thumb Code     2  startup.o(RESET)
    DebugMon_Handler                         0x0000028d   Thumb Code     2  startup.o(RESET)
    PendSV_Handler                           0x0000028f   Thumb Code     2  startup.o(RESET)
    SysTick_Handler                          0x00000291   Thumb Code     2  startup.o(RESET)
    ADC0Seq0_Handler                         0x00000293   Thumb Code     0  startup.o(RESET)
    ADC0Seq1_Handler                         0x00000293   Thumb Code     0  startup.o(RESET)
    ADC0Seq2_Handler                         0x00000293   Thumb Code     0  startup.o(RESET)
    ADC0Seq3_Handler                         0x00000293   Thumb Code     0  startup.o(RESET)
    ADC1Seq0_Handler                         0x00000293   Thumb Code     0  startup.o(RESET)
    ADC1Seq1_Handler                         0x00000293   Thumb Code     0  startup.o(RESET)
    ADC1Seq2_Handler                         0x00000293   Thumb Code     0  startup.o(RESET)
    ADC1Seq3_Handler                         0x00000293   Thumb Code     0  startup.o(RESET)
    CAN0_Handler                             0x00000293   Thumb Code     0  startup.o(RESET)
    CAN1_Handler                             0x00000293   Thumb Code     0  startup.o(RESET)
    CAN2_Handler                             0x00000293   Thumb Code     0  startup.o(RESET)
    Comp0_Handler                            0x00000293   Thumb Code     0  startup.o(RESET)
    Comp1_Handler                            0x00000293   Thumb Code     0  startup.o(RESET)
    Comp2_Handler                            0x00000293   Thumb Code     0  startup.o(RESET)
    Ethernet_Handler                         0x00000293   Thumb Code     0  startup.o(RESET)
    ExtBus_Handler                           0x00000293   Thumb Code     0  startup.o(RESET)
    FPU_Handler                              0x00000293   Thumb Code     0  startup.o(RESET)
    Fan0_Handler                             0x00000293   Thumb Code     0  startup.o(RESET)
    FlashCtl_Handler                         0x00000293   Thumb Code     0  startup.o(RESET)
    GPIOPortA_Handler                        0x00000293   Thumb Code     0  startup.o(RESET)
    GPIOPortB_Handler                        0x00000293   Thumb Code     0  startup.o(RESET)
    GPIOPortC_Handler                        0x00000293   Thumb Code     0  startup.o(RESET)
    GPIOPortD_Handler                        0x00000293   Thumb Code     0  startup.o(RESET)
    GPIOPortE_Handler                        0x00000293   Thumb Code     0  startup.o(RESET)
    GPIOPortF_Handler                        0x00000293   Thumb Code     0  startup.o(RESET)
    GPIOPortG_Handler                        0x00000293   Thumb Code     0  startup.o(RESET)
    GPIOPortH_Handler                        0x00000293   Thumb Code     0  startup.o(RESET)
    GPIOPortJ_Handler                        0x00000293   Thumb Code     0  startup.o(RESET)
    GPIOPortK_Handler                        0x00000293   Thumb Code     0  startup.o(RESET)
    GPIOPortL_Handler                        0x00000293   Thumb Code     0  startup.o(RESET)
    GPIOPortM_Handler                        0x00000293   Thumb Code     0  startup.o(RESET)
    GPIOPortN_Handler                        0x00000293   Thumb Code     0  startup.o(RESET)
    GPIOPortP1_Handler                       0x00000293   Thumb Code     0  startup.o(RESET)
    GPIOPortP2_Handler                       0x00000293   Thumb Code     0  startup.o(RESET)
    GPIOPortP3_Handler                       0x00000293   Thumb Code     0  startup.o(RESET)
    GPIOPortP4_Handler                       0x00000293   Thumb Code     0  startup.o(RESET)
    GPIOPortP5_Handler                       0x00000293   Thumb Code     0  startup.o(RESET)
    GPIOPortP6_Handler                       0x00000293   Thumb Code     0  startup.o(RESET)
    GPIOPortP7_Handler                       0x00000293   Thumb Code     0  startup.o(RESET)
    GPIOPortP_Handler                        0x00000293   Thumb Code     0  startup.o(RESET)
    GPIOPortQ1_Handler                       0x00000293   Thumb Code     0  startup.o(RESET)
    GPIOPortQ2_Handler                       0x00000293   Thumb Code     0  startup.o(RESET)
    GPIOPortQ3_Handler                       0x00000293   Thumb Code     0  startup.o(RESET)
    GPIOPortQ4_Handler                       0x00000293   Thumb Code     0  startup.o(RESET)
    GPIOPortQ5_Handler                       0x00000293   Thumb Code     0  startup.o(RESET)
    GPIOPortQ6_Handler                       0x00000293   Thumb Code     0  startup.o(RESET)
    GPIOPortQ7_Handler                       0x00000293   Thumb Code     0  startup.o(RESET)
    GPIOPortQ_Handler                        0x00000293   Thumb Code     0  startup.o(RESET)
    GPIOPortR_Handler                        0x00000293   Thumb Code     0  startup.o(RESET)
    GPIOPortS_Handler                        0x00000293   Thumb Code     0  startup.o(RESET)
    Hibernate_Handler                        0x00000293   Thumb Code     0  startup.o(RESET)
    I2C0_Handler                             0x00000293   Thumb Code     0  startup.o(RESET)
    I2C1_Handler                             0x00000293   Thumb Code     0  startup.o(RESET)
    I2C2_Handler                             0x00000293   Thumb Code     0  startup.o(RESET)
    I2C3_Handler                             0x00000293   Thumb Code     0  startup.o(RESET)
    I2C4_Handler                             0x00000293   Thumb Code     0  startup.o(RESET)
    I2C5_Handler                             0x00000293   Thumb Code     0  startup.o(RESET)
    I2S0_Handler                             0x00000293   Thumb Code     0  startup.o(RESET)
    LPC0_Handler                             0x00000293   Thumb Code     0  startup.o(RESET)
    PECI0_Handler                            0x00000293   Thumb Code     0  startup.o(RESET)
    PWM0Fault_Handler                        0x00000293   Thumb Code     0  startup.o(RESET)
    PWM0Generator0_Handler                   0x00000293   Thumb Code     0  startup.o(RESET)
    PWM0Generator1_Handler                   0x00000293   Thumb Code     0  startup.o(RESET)
    PWM0Generator2_Handler                   0x00000293   Thumb Code     0  startup.o(RESET)
    PWM0Generator3_Handler                   0x00000293   Thumb Code     0  startup.o(RESET)
    PWM1Fault_Handler                        0x00000293   Thumb Code     0  startup.o(RESET)
    PWM1Generator0_Handler                   0x00000293   Thumb Code     0  startup.o(RESET)
    PWM1Generator1_Handler                   0x00000293   Thumb Code     0  startup.o(RESET)
    PWM1Generator2_Handler                   0x00000293   Thumb Code     0  startup.o(RESET)
    PWM1Generator3_Handler                   0x00000293   Thumb Code     0  startup.o(RESET)
    Quadrature0_Handler                      0x00000293   Thumb Code     0  startup.o(RESET)
    Quadrature1_Handler                      0x00000293   Thumb Code     0  startup.o(RESET)
    Quadrature2_Handler                      0x00000293   Thumb Code     0  startup.o(RESET)
    SSI0_Handler                             0x00000293   Thumb Code     0  startup.o(RESET)
    SSI1_Handler                             0x00000293   Thumb Code     0  startup.o(RESET)
    SSI2_Handler                             0x00000293   Thumb Code     0  startup.o(RESET)
    SSI3_Handler                             0x00000293   Thumb Code     0  startup.o(RESET)
    SysCtl_Handler                           0x00000293   Thumb Code     0  startup.o(RESET)
    Timer0A_Handler                          0x00000293   Thumb Code     0  startup.o(RESET)
    Timer0B_Handler                          0x00000293   Thumb Code     0  startup.o(RESET)
    Timer1B_Handler                          0x00000293   Thumb Code     0  startup.o(RESET)
    Timer2A_Handler                          0x00000293   Thumb Code     0  startup.o(RESET)
    Timer2B_Handler                          0x00000293   Thumb Code     0  startup.o(RESET)
    Timer3A_Handler                          0x00000293   Thumb Code     0  startup.o(RESET)
    Timer3B_Handler                          0x00000293   Thumb Code     0  startup.o(RESET)
    Timer4A_Handler                          0x00000293   Thumb Code     0  startup.o(RESET)
    Timer4B_Handler                          0x00000293   Thumb Code     0  startup.o(RESET)
    Timer5A_Handler                          0x00000293   Thumb Code     0  startup.o(RESET)
    Timer5B_Handler                          0x00000293   Thumb Code     0  startup.o(RESET)
    UART0_Handler                            0x00000293   Thumb Code     0  startup.o(RESET)
    UART1_Handler                            0x00000293   Thumb Code     0  startup.o(RESET)
    UART2_Handler                            0x00000293   Thumb Code     0  startup.o(RESET)
    UART3_Handler                            0x00000293   Thumb Code     0  startup.o(RESET)
    UART4_Handler                            0x00000293   Thumb Code     0  startup.o(RESET)
    UART5_Handler                            0x00000293   Thumb Code     0  startup.o(RESET)
    UART6_Handler                            0x00000293   Thumb Code     0  startup.o(RESET)
    UART7_Handler                            0x00000293   Thumb Code     0  startup.o(RESET)
    USB0_Handler                             0x00000293   Thumb Code     0  startup.o(RESET)
    WDT_Handler                              0x00000293   Thumb Code     0  startup.o(RESET)
    WideTimer0A_Handler                      0x00000293   Thumb Code     0  startup.o(RESET)
    WideTimer0B_Handler                      0x00000293   Thumb Code     0  startup.o(RESET)
    WideTimer1A_Handler                      0x00000293   Thumb Code     0  startup.o(RESET)
    WideTimer1B_Handler                      0x00000293   Thumb Code     0  startup.o(RESET)
    WideTimer2A_Handler                      0x00000293   Thumb Code     0  startup.o(RESET)
    WideTimer2B_Handler                      0x00000293   Thumb Code     0  startup.o(RESET)
    WideTimer3A_Handler                      0x00000293   Thumb Code     0  startup.o(RESET)
    WideTimer3B_Handler                      0x00000293   Thumb Code     0  startup.o(RESET)
    WideTimer4A_Handler                      0x00000293   Thumb Code     0  startup.o(RESET)
    WideTimer4B_Handler                      0x00000293   Thumb Code     0  startup.o(RESET)
    WideTimer5A_Handler                      0x00000293   Thumb Code     0  startup.o(RESET)
    WideTimer5B_Handler                      0x00000293   Thumb Code     0  startup.o(RESET)
    __aeabi_assert                           0x00000293   Thumb Code     0  startup.o(RESET)
    uDMA_Error                               0x00000293   Thumb Code     0  startup.o(RESET)
    uDMA_Handler                             0x00000293   Thumb Code     0  startup.o(RESET)
    __main                                   0x00000295   Thumb Code     8  __main.o(!!!main)
    __scatterload                            0x0000029d   Thumb Code     0  __scatter.o(!!!scatter)
    __scatterload_rt2                        0x0000029d   Thumb Code    44  __scatter.o(!!!scatter)
    __scatterload_rt2_thumb_only             0x0000029d   Thumb Code     0  __scatter.o(!!!scatter)
    __scatterload_null                       0x000002ab   Thumb Code     0  __scatter.o(!!!scatter)
    __scatterload_copy                       0x000002d1   Thumb Code    26  __scatter_copy.o(!!handler_copy)
    __scatterload_zeroinit                   0x000002ed   Thumb Code    28  __scatter_zi.o(!!handler_zi)
    __rt_lib_init                            0x00000309   Thumb Code     0  libinit.o(.ARM.Collect$$libinit$$00000000)
    __rt_lib_init_fp_1                       0x0000030b   Thumb Code     0  libinit2.o(.ARM.Collect$$libinit$$00000001)
    __rt_lib_init_alloca_1                   0x0000030f   Thumb Code     0  libinit2.o(.ARM.Collect$$libinit$$0000002E)
    __rt_lib_init_argv_1                     0x0000030f   Thumb Code     0  libinit2.o(.ARM.Collect$$libinit$$0000002C)
    __rt_lib_init_atexit_1                   0x0000030f   Thumb Code     0  libinit2.o(.ARM.Collect$$libinit$$0000001B)
    __rt_lib_init_clock_1                    0x0000030f   Thumb Code     0  libinit2.o(.ARM.Collect$$libinit$$00000021)
    __rt_lib_init_cpp_1                      0x0000030f   Thumb Code     0  libinit2.o(.ARM.Collect$$libinit$$00000032)
    __rt_lib_init_exceptions_1               0x0000030f   Thumb Code     0  libinit2.o(.ARM.Collect$$libinit$$00000030)
    __rt_lib_init_fp_trap_1                  0x0000030f   Thumb Code     0  libinit2.o(.ARM.Collect$$libinit$$0000001F)
    __rt_lib_init_getenv_1                   0x0000030f   Thumb Code     0  libinit2.o(.ARM.Collect$$libinit$$00000023)
    __rt_lib_init_heap_1                     0x0000030f   Thumb Code     0  libinit2.o(.ARM.Collect$$libinit$$0000000A)
    __rt_lib_init_lc_collate_1               0x0000030f   Thumb Code     0  libinit2.o(.ARM.Collect$$libinit$$00000011)
    __rt_lib_init_lc_ctype_1                 0x0000030f   Thumb Code     0  libinit2.o(.ARM.Collect$$libinit$$00000013)
    __rt_lib_init_lc_monetary_1              0x0000030f   Thumb Code     0  libinit2.o(.ARM.Collect$$libinit$$00000015)
    __rt_lib_init_lc_numeric_1               0x0000030f   Thumb Code     0  libinit2.o(.ARM.Collect$$libinit$$00000017)
    __rt_lib_init_lc_time_1                  0x0000030f   Thumb Code     0  libinit2.o(.ARM.Collect$$libinit$$00000019)
    __rt_lib_init_preinit_1                  0x0000030f   Thumb Code     0  libinit2.o(.ARM.Collect$$libinit$$00000004)
    __rt_lib_init_rand_1                     0x0000030f   Thumb Code     0  libinit2.o(.ARM.Collect$$libinit$$0000000E)
    __rt_lib_init_return                     0x0000030f   Thumb Code     0  libinit2.o(.ARM.Collect$$libinit$$00000033)
    __rt_lib_init_signal_1                   0x0000030f   Thumb Code     0  libinit2.o(.ARM.Collect$$libinit$$0000001D)
    __rt_lib_init_stdio_1                    0x0000030f   Thumb Code     0  libinit2.o(.ARM.Collect$$libinit$$00000025)
    __rt_lib_init_user_alloc_1               0x0000030f   Thumb Code     0  libinit2.o(.ARM.Collect$$libinit$$0000000C)
    __rt_lib_shutdown                        0x00000311   Thumb Code     0  libshutdown.o(.ARM.Collect$$libshutdown$$00000000)
    __rt_lib_shutdown_cpp_1                  0x00000313   Thumb Code     0  libshutdown2.o(.ARM.Collect$$libshutdown$$00000002)
    __rt_lib_shutdown_fp_trap_1              0x00000313   Thumb Code     0  libshutdown2.o(.ARM.Collect$$libshutdown$$00000007)
    __rt_lib_shutdown_heap_1                 0x00000313   Thumb Code     0  libshutdown2.o(.ARM.Collect$$libshutdown$$0000000F)
    __rt_lib_shutdown_return                 0x00000313   Thumb Code     0  libshutdown2.o(.ARM.Collect$$libshutdown$$00000010)
    __rt_lib_shutdown_signal_1               0x00000313   Thumb Code     0  libshutdown2.o(.ARM.Collect$$libshutdown$$0000000A)
    __rt_lib_shutdown_stdio_1                0x00000313   Thumb Code     0  libshutdown2.o(.ARM.Collect$$libshutdown$$00000004)
    __rt_lib_shutdown_user_alloc_1           0x00000313   Thumb Code     0  libshutdown2.o(.ARM.Collect$$libshutdown$$0000000C)
    __rt_entry                               0x00000315   Thumb Code     0  __rtentry.o(.ARM.Collect$$rtentry$$00000000)
    __rt_entry_presh_1                       0x00000315   Thumb Code     0  __rtentry2.o(.ARM.Collect$$rtentry$$00000002)
    __rt_entry_sh                            0x00000315   Thumb Code     0  __rtentry4.o(.ARM.Collect$$rtentry$$00000004)
    __rt_entry_li                            0x0000031b   Thumb Code     0  __rtentry2.o(.ARM.Collect$$rtentry$$0000000A)
    __rt_entry_postsh_1                      0x0000031b   Thumb Code     0  __rtentry2.o(.ARM.Collect$$rtentry$$00000009)
    __rt_entry_main                          0x0000031f   Thumb Code     0  __rtentry2.o(.ARM.Collect$$rtentry$$0000000D)
    __rt_entry_postli_1                      0x0000031f   Thumb Code     0  __rtentry2.o(.ARM.Collect$$rtentry$$0000000C)
    __rt_exit                                0x00000327   Thumb Code     0  rtexit.o(.ARM.Collect$$rtexit$$00000000)
    __rt_exit_ls                             0x00000329   Thumb Code     0  rtexit2.o(.ARM.Collect$$rtexit$$00000003)
    __rt_exit_prels_1                        0x00000329   Thumb Code     0  rtexit2.o(.ARM.Collect$$rtexit$$00000002)
    __rt_exit_exit                           0x0000032d   Thumb Code     0  rtexit2.o(.ARM.Collect$$rtexit$$00000004)
    DisableInterrupts                        0x00000335   Thumb Code     0  startup.o(.text)
    EnableInterrupts                         0x00000339   Thumb Code     0  startup.o(.text)
    StartCritical                            0x0000033d   Thumb Code     0  startup.o(.text)
    EndCritical                              0x00000345   Thumb Code     0  startup.o(.text)
    WaitForInterrupt                         0x0000034b   Thumb Code     0  startup.o(.text)
    __user_initial_stackheap                 0x0000034f   Thumb Code     0  startup.o(.text)
    __use_two_region_memory                  0x00000365   Thumb Code     2  heapauxi.o(.text)
    __rt_heap_escrow$2region                 0x00000367   Thumb Code     2  heapauxi.o(.text)
    __rt_heap_expand$2region                 0x00000369   Thumb Code     2  heapauxi.o(.text)
    __user_setup_stackheap                   0x0000036b   Thumb Code    74  sys_stackheap_outer.o(.text)
    exit                                     0x000003b5   Thumb Code    18  exit.o(.text)
    __user_libspace                          0x000003c9   Thumb Code     8  libspace.o(.text)
    __user_perproc_libspace                  0x000003c9   Thumb Code     0  libspace.o(.text)
    __user_perthread_libspace                0x000003c9   Thumb Code     0  libspace.o(.text)
    _sys_exit                                0x000003d1   Thumb Code     8  sys_exit.o(.text)
    __I$use$semihosting                      0x000003dd   Thumb Code     0  use_no_semi.o(.text)
    __use_no_semihosting_swi                 0x000003dd   Thumb Code     2  use_no_semi.o(.text)
    __semihosting_library_function           0x000003df   Thumb Code     0  indicate_semi.o(.text)
    LCD_Clear                                0x000003e1   Thumb Code    70  lcd_uart.o(.text.LCD_Clear)
    LCD_InData                               0x00000429   Thumb Code    36  lcd_uart.o(.text.LCD_InData)
    LCD_UART_Init                            0x0000044d   Thumb Code   162  lcd_uart.o(.text.LCD_UART_Init)
    LCD_WriteString                          0x000004f1   Thumb Code   194  lcd_uart.o(.text.LCD_WriteString)
    LCD_main                                 0x000005b5   Thumb Code    44  main.o(.text.LCD_main)
    PLL_Init                                 0x000005e1   Thumb Code   136  pll.o(.text.PLL_Init)
    Port_A_Init                              0x00000669   Thumb Code   300  unified_port_init.o(.text.Port_A_Init)
    Port_B_Init                              0x00000795   Thumb Code   364  unified_port_init.o(.text.Port_B_Init)
    Port_C_Init                              0x00000901   Thumb Code   132  unified_port_init.o(.text.Port_C_Init)
    Port_D_Init                              0x00000985   Thumb Code   248  unified_port_init.o(.text.Port_D_Init)
    Port_E_Init                              0x00000a7d   Thumb Code   234  unified_port_init.o(.text.Port_E_Init)
    Port_F_Init                              0x00000b69   Thumb Code   136  unified_port_init.o(.text.Port_F_Init)
    Timer1A_Handler                          0x00000bf1   Thumb Code    64  timer1a.o(.text.Timer1A_Handler)
    Unified_Port_Init                        0x00000c31   Thumb Code    28  unified_port_init.o(.text.Unified_Port_Init)
    main                                     0x00000c4d   Thumb Code    20  main.o(.text.main)
    _fp_init                                 0x00000c61   Thumb Code    26  fpinit.o(x$fpl$fpinit)
    __fplib_config_fpu_vfp                   0x00000c79   Thumb Code     0  fpinit.o(x$fpl$fpinit)
    __fplib_config_pureend_doubles           0x00000c79   Thumb Code     0  fpinit.o(x$fpl$fpinit)
    Region$$Table$$Base                      0x00000c8c   Number         0  anon$$obj.o(Region$$Table)
    Region$$Table$$Limit                     0x00000cac   Number         0  anon$$obj.o(Region$$Table)
    SyncTime                                 0x20000000   Data           4  timer1a.o(.data.SyncTime)
    __libspace_start                         0x20000008   Data          96  libspace.o(.bss)
    PeriodicTask1                            0x20000068   Data           4  timer1a.o(.bss.PeriodicTask1)
    __temporary_stack_top$libspace           0x20000068   Data           0  libspace.o(.bss)



==============================================================================

Memory Map of the image

  Image Entry point : 0x00000295

  Load Region LR_IROM1 (Base: 0x00000000, Size: 0x00000cb8, Max: 0x00040000, ABSOLUTE)

    Execution Region ER_IROM1 (Exec base: 0x00000000, Load base: 0x00000000, Size: 0x00000cac, Max: 0x00040000, ABSOLUTE)

    Exec Addr    Load Addr    Size         Type   Attr      Idx    E Section Name        Object

    0x00000000   0x00000000   0x00000294   Code   RO           71    RESET               startup.o
    0x00000294   0x00000294   0x00000008   Code   RO          192  * !!!main             c_w.l(__main.o)
    0x0000029c   0x0000029c   0x00000034   Code   RO          355    !!!scatter          c_w.l(__scatter.o)
    0x000002d0   0x000002d0   0x0000001a   Code   RO          357    !!handler_copy      c_w.l(__scatter_copy.o)
    0x000002ea   0x000002ea   0x00000002   PAD
    0x000002ec   0x000002ec   0x0000001c   Code   RO          359    !!handler_zi        c_w.l(__scatter_zi.o)
    0x00000308   0x00000308   0x00000002   Code   RO          219    .ARM.Collect$$libinit$$00000000  c_w.l(libinit.o)
    0x0000030a   0x0000030a   0x00000004   Code   RO          225    .ARM.Collect$$libinit$$00000001  c_w.l(libinit2.o)
    0x0000030e   0x0000030e   0x00000000   Code   RO          228    .ARM.Collect$$libinit$$00000004  c_w.l(libinit2.o)
    0x0000030e   0x0000030e   0x00000000   Code   RO          231    .ARM.Collect$$libinit$$0000000A  c_w.l(libinit2.o)
    0x0000030e   0x0000030e   0x00000000   Code   RO          233    .ARM.Collect$$libinit$$0000000C  c_w.l(libinit2.o)
    0x0000030e   0x0000030e   0x00000000   Code   RO          235    .ARM.Collect$$libinit$$0000000E  c_w.l(libinit2.o)
    0x0000030e   0x0000030e   0x00000000   Code   RO          238    .ARM.Collect$$libinit$$00000011  c_w.l(libinit2.o)
    0x0000030e   0x0000030e   0x00000000   Code   RO          240    .ARM.Collect$$libinit$$00000013  c_w.l(libinit2.o)
    0x0000030e   0x0000030e   0x00000000   Code   RO          242    .ARM.Collect$$libinit$$00000015  c_w.l(libinit2.o)
    0x0000030e   0x0000030e   0x00000000   Code   RO          244    .ARM.Collect$$libinit$$00000017  c_w.l(libinit2.o)
    0x0000030e   0x0000030e   0x00000000   Code   RO          246    .ARM.Collect$$libinit$$00000019  c_w.l(libinit2.o)
    0x0000030e   0x0000030e   0x00000000   Code   RO          248    .ARM.Collect$$libinit$$0000001B  c_w.l(libinit2.o)
    0x0000030e   0x0000030e   0x00000000   Code   RO          250    .ARM.Collect$$libinit$$0000001D  c_w.l(libinit2.o)
    0x0000030e   0x0000030e   0x00000000   Code   RO          252    .ARM.Collect$$libinit$$0000001F  c_w.l(libinit2.o)
    0x0000030e   0x0000030e   0x00000000   Code   RO          254    .ARM.Collect$$libinit$$00000021  c_w.l(libinit2.o)
    0x0000030e   0x0000030e   0x00000000   Code   RO          256    .ARM.Collect$$libinit$$00000023  c_w.l(libinit2.o)
    0x0000030e   0x0000030e   0x00000000   Code   RO          258    .ARM.Collect$$libinit$$00000025  c_w.l(libinit2.o)
    0x0000030e   0x0000030e   0x00000000   Code   RO          262    .ARM.Collect$$libinit$$0000002C  c_w.l(libinit2.o)
    0x0000030e   0x0000030e   0x00000000   Code   RO          264    .ARM.Collect$$libinit$$0000002E  c_w.l(libinit2.o)
    0x0000030e   0x0000030e   0x00000000   Code   RO          266    .ARM.Collect$$libinit$$00000030  c_w.l(libinit2.o)
    0x0000030e   0x0000030e   0x00000000   Code   RO          268    .ARM.Collect$$libinit$$00000032  c_w.l(libinit2.o)
    0x0000030e   0x0000030e   0x00000002   Code   RO          269    .ARM.Collect$$libinit$$00000033  c_w.l(libinit2.o)
    0x00000310   0x00000310   0x00000002   Code   RO          291    .ARM.Collect$$libshutdown$$00000000  c_w.l(libshutdown.o)
    0x00000312   0x00000312   0x00000000   Code   RO          306    .ARM.Collect$$libshutdown$$00000002  c_w.l(libshutdown2.o)
    0x00000312   0x00000312   0x00000000   Code   RO          308    .ARM.Collect$$libshutdown$$00000004  c_w.l(libshutdown2.o)
    0x00000312   0x00000312   0x00000000   Code   RO          311    .ARM.Collect$$libshutdown$$00000007  c_w.l(libshutdown2.o)
    0x00000312   0x00000312   0x00000000   Code   RO          314    .ARM.Collect$$libshutdown$$0000000A  c_w.l(libshutdown2.o)
    0x00000312   0x00000312   0x00000000   Code   RO          316    .ARM.Collect$$libshutdown$$0000000C  c_w.l(libshutdown2.o)
    0x00000312   0x00000312   0x00000000   Code   RO          319    .ARM.Collect$$libshutdown$$0000000F  c_w.l(libshutdown2.o)
    0x00000312   0x00000312   0x00000002   Code   RO          320    .ARM.Collect$$libshutdown$$00000010  c_w.l(libshutdown2.o)
    0x00000314   0x00000314   0x00000000   Code   RO          194    .ARM.Collect$$rtentry$$00000000  c_w.l(__rtentry.o)
    0x00000314   0x00000314   0x00000000   Code   RO          196    .ARM.Collect$$rtentry$$00000002  c_w.l(__rtentry2.o)
    0x00000314   0x00000314   0x00000006   Code   RO          208    .ARM.Collect$$rtentry$$00000004  c_w.l(__rtentry4.o)
    0x0000031a   0x0000031a   0x00000000   Code   RO          198    .ARM.Collect$$rtentry$$00000009  c_w.l(__rtentry2.o)
    0x0000031a   0x0000031a   0x00000004   Code   RO          199    .ARM.Collect$$rtentry$$0000000A  c_w.l(__rtentry2.o)
    0x0000031e   0x0000031e   0x00000000   Code   RO          201    .ARM.Collect$$rtentry$$0000000C  c_w.l(__rtentry2.o)
    0x0000031e   0x0000031e   0x00000008   Code   RO          202    .ARM.Collect$$rtentry$$0000000D  c_w.l(__rtentry2.o)
    0x00000326   0x00000326   0x00000002   Code   RO          223    .ARM.Collect$$rtexit$$00000000  c_w.l(rtexit.o)
    0x00000328   0x00000328   0x00000000   Code   RO          271    .ARM.Collect$$rtexit$$00000002  c_w.l(rtexit2.o)
    0x00000328   0x00000328   0x00000004   Code   RO          272    .ARM.Collect$$rtexit$$00000003  c_w.l(rtexit2.o)
    0x0000032c   0x0000032c   0x00000006   Code   RO          273    .ARM.Collect$$rtexit$$00000004  c_w.l(rtexit2.o)
    0x00000332   0x00000332   0x00000002   PAD
    0x00000334   0x00000334   0x00000030   Code   RO           72    .text               startup.o
    0x00000364   0x00000364   0x00000006   Code   RO          190    .text               c_w.l(heapauxi.o)
    0x0000036a   0x0000036a   0x0000004a   Code   RO          210    .text               c_w.l(sys_stackheap_outer.o)
    0x000003b4   0x000003b4   0x00000012   Code   RO          212    .text               c_w.l(exit.o)
    0x000003c6   0x000003c6   0x00000002   PAD
    0x000003c8   0x000003c8   0x00000008   Code   RO          220    .text               c_w.l(libspace.o)
    0x000003d0   0x000003d0   0x0000000c   Code   RO          281    .text               c_w.l(sys_exit.o)
    0x000003dc   0x000003dc   0x00000002   Code   RO          296    .text               c_w.l(use_no_semi.o)
    0x000003de   0x000003de   0x00000000   Code   RO          298    .text               c_w.l(indicate_semi.o)
    0x000003de   0x000003de   0x00000002   PAD
    0x000003e0   0x000003e0   0x00000046   Code   RO          104    .text.LCD_Clear     lcd_uart.o
    0x00000426   0x00000426   0x00000002   PAD
    0x00000428   0x00000428   0x00000024   Code   RO          108    .text.LCD_InData    lcd_uart.o
    0x0000044c   0x0000044c   0x000000a2   Code   RO          102    .text.LCD_UART_Init  lcd_uart.o
    0x000004ee   0x000004ee   0x00000002   PAD
    0x000004f0   0x000004f0   0x000000c2   Code   RO          110    .text.LCD_WriteString  lcd_uart.o
    0x000005b2   0x000005b2   0x00000002   PAD
    0x000005b4   0x000005b4   0x0000002c   Code   RO            2    .text.LCD_main      main.o
    0x000005e0   0x000005e0   0x00000088   Code   RO           15    .text.PLL_Init      pll.o
    0x00000668   0x00000668   0x0000012c   Code   RO           83    .text.Port_A_Init   unified_port_init.o
    0x00000794   0x00000794   0x0000016c   Code   RO           85    .text.Port_B_Init   unified_port_init.o
    0x00000900   0x00000900   0x00000084   Code   RO           87    .text.Port_C_Init   unified_port_init.o
    0x00000984   0x00000984   0x000000f8   Code   RO           89    .text.Port_D_Init   unified_port_init.o
    0x00000a7c   0x00000a7c   0x000000ea   Code   RO           91    .text.Port_E_Init   unified_port_init.o
    0x00000b66   0x00000b66   0x00000002   PAD
    0x00000b68   0x00000b68   0x00000088   Code   RO           93    .text.Port_F_Init   unified_port_init.o
    0x00000bf0   0x00000bf0   0x00000040   Code   RO           56    .text.Timer1A_Handler  timer1a.o
    0x00000c30   0x00000c30   0x0000001c   Code   RO           81    .text.Unified_Port_Init  unified_port_init.o
    0x00000c4c   0x00000c4c   0x00000014   Code   RO            4    .text.main          main.o
    0x00000c60   0x00000c60   0x0000001a   Code   RO          279    x$fpl$fpinit        fz_wm.l(fpinit.o)
    0x00000c7a   0x00000c7a   0x00000012   Data   RO            6    .rodata.str1.1      main.o
    0x00000c8c   0x00000c8c   0x00000020   Data   RO          354    Region$$Table       anon$$obj.o


    Execution Region RW_IRAM1 (Exec base: 0x20000000, Load base: 0x00000cb0, Size: 0x00000470, Max: 0x00008000, ABSOLUTE)

    Exec Addr    Load Addr    Size         Type   Attr      Idx    E Section Name        Object

    0x20000000   0x00000cb0   0x00000004   Data   RW           60    .data.SyncTime      timer1a.o
    0x20000004   0x00000cb4   0x00000004   PAD
    0x20000008        -       0x00000060   Zero   RW          221    .bss                c_w.l(libspace.o)
    0x20000068        -       0x00000004   Zero   RW           61    .bss.PeriodicTask1  timer1a.o
    0x2000006c   0x00000cb4   0x00000004   PAD
    0x20000070        -       0x00000000   Zero   RW           70    HEAP                startup.o
    0x20000070        -       0x00000400   Zero   RW           69    STACK               startup.o


==============================================================================

Image component sizes


      Code (inc. data)   RO Data    RW Data    ZI Data      Debug   Object Name

       462          0          0          0          0       3398   lcd_uart.o
        64          0         18          0          0        446   main.o
       136          0          0          0          0        537   pll.o
       708        632          0          0       1024        936   startup.o
        64          0          0          4          4        915   timer1a.o
      1442          0          0          0          0       1370   unified_port_init.o

    ----------------------------------------------------------------------
      2884        632         50          4       1036       7602   Object Totals
         0          0         32          0          0          0   (incl. Generated)
         8          0          0          0          8          0   (incl. Padding)

    ----------------------------------------------------------------------

      Code (inc. data)   RO Data    RW Data    ZI Data      Debug   Library Member Name

         8          0          0          0          0         68   __main.o
         0          0          0          0          0          0   __rtentry.o
        12          0          0          0          0          0   __rtentry2.o
         6          0          0          0          0          0   __rtentry4.o
        52          8          0          0          0          0   __scatter.o
        26          0          0          0          0          0   __scatter_copy.o
        28          0          0          0          0          0   __scatter_zi.o
        18          0          0          0          0         80   exit.o
         6          0          0          0          0        152   heapauxi.o
         0          0          0          0          0          0   indicate_semi.o
         2          0          0          0          0          0   libinit.o
         6          0          0          0          0          0   libinit2.o
         2          0          0          0          0          0   libshutdown.o
         2          0          0          0          0          0   libshutdown2.o
         8          4          0          0         96         68   libspace.o
         2          0          0          0          0          0   rtexit.o
        10          0          0          0          0          0   rtexit2.o
        12          4          0          0          0         68   sys_exit.o
        74          0          0          0          0         80   sys_stackheap_outer.o
         2          0          0          0          0         68   use_no_semi.o
        26          0          0          0          0        116   fpinit.o

    ----------------------------------------------------------------------
       310         16          0          0         96        700   Library Totals
         8          0          0          0          0          0   (incl. Padding)

    ----------------------------------------------------------------------

      Code (inc. data)   RO Data    RW Data    ZI Data      Debug   Library Name

       276         16          0          0         96        584   c_w.l
        26          0          0          0          0        116   fz_wm.l

    ----------------------------------------------------------------------
       310         16          0          0         96        700   Library Totals

    ----------------------------------------------------------------------

==============================================================================


      Code (inc. data)   RO Data    RW Data    ZI Data      Debug   

      3194        648         50          4       1132       8082   Grand Totals
      3194        648         50          4       1132       8082   ELF Image Totals
      3194        648         50          4          0          0   ROM Totals

==============================================================================

    Total RO  Size (Code + RO Data)                 3244 (   3.17kB)
    Total RW  Size (RW Data + ZI Data)              1136 (   1.11kB)
    Total ROM Size (Code + RO Data + RW Data)       3248 (   3.17kB)

==============================================================================

