<html>
<body>
<pre>
<h1>µVision Build Log</h1>
<h2>Tool Versions:</h2>
IDE-Version: µVision V5.33.0.0
Copyright (C) 2020 ARM Ltd and ARM Germany GmbH. All rights reserved.
License Information: Zayam Tariq, UT Austin, LIC=X1E52-TQIEK-5ETQZ-2697Q-QL62F-JQCIE
 
Tool Versions:
Toolchain:       MDK-ARM Professional  Version: 5.33.0.0
Toolchain Path:  C:\Keil_v5\ARM\ARMCLANG\Bin
C Compiler:      ArmClang.exe V6.15
Assembler:       Armasm.exe V6.15
Linker/Locator:  ArmLink.exe V6.15
Library Manager: ArmAr.exe V6.15
Hex Converter:   FromElf.exe V6.15
CPU DLL:         SARMCM3.DLL V5.33.0.0
Dialog DLL:      DCM.DLL V1.17.3.0
Target DLL:      lmidk-agdi.dll V???
Dialog DLL:      TCM.DLL V1.48.0.0
 
<h2>Project:</h2>
C:\Users\zayam\PersonalDigitalCamera\CameraProject\Camera.uvprojx
Project File Date:  08/24/2023

<h2>Output:</h2>
*** Using Compiler 'V6.15', folder: 'C:\Keil_v5\ARM\ARMCLANG\Bin'
Build target 'Target 1'
inc/Unified_Port_Init.c(55): warning: empty expression statement has no effect; remove unnecessary ';' to silence this warning [-Wextra-semi-stmt]
  while((SYSCTL_PRGPIO_R & 0x01)==0){};     // allow time for clock to start
                                      ^~
inc/Unified_Port_Init.c(58): warning: implicit conversion changes signedness: 'int' to 'unsigned int' [-Wsign-conversion]
  GPIO_PORTA_AFSEL_R    &= ~0xC8;           // disable alt funct on PA3,6,7
                        ~~ ^~~~~
inc/Unified_Port_Init.c(66): warning: implicit conversion changes signedness: 'int' to 'unsigned int' [-Wsign-conversion]
  GPIO_PORTA_AMSEL_R    &= ~0xC8;           // disable analog functionality on PA3,6,7
                        ~~ ^~~~~
inc/Unified_Port_Init.c(77): warning: implicit conversion changes signedness: 'int' to 'unsigned int' [-Wsign-conversion]
  GPIO_PORTA_AMSEL_R    &= ~0x2C;           // disable analog functionality on PA2,3,5
                        ~~ ^~~~~
inc/Unified_Port_Init.c(78): warning: implicit conversion changes signedness: 'int' to 'unsigned int' [-Wsign-conversion]
  SSI0_CR1_R            &= ~SSI_CR1_SSE;    // disable SSI
                        ~~ ^~~~~~~~~~~~
inc/Unified_Port_Init.c(79): warning: implicit conversion changes signedness: 'int' to 'unsigned int' [-Wsign-conversion]
  SSI0_CR1_R            &= ~SSI_CR1_MS;     // master mode
                        ~~ ^~~~~~~~~~~
inc/Unified_Port_Init.c(82): warning: implicit conversion changes signedness: 'int' to 'unsigned int' [-Wsign-conversion]
  SSI0_CC_R             = (SSI0_CC_R&~SSI_CC_CS_M)
                                    ~^~~~~~~~~~~~
inc/Unified_Port_Init.c(89): warning: implicit conversion changes signedness: 'int' to 'unsigned int' [-Wsign-conversion]
                        &~SSI_CPSR_CPSDVSR_M)
                        ~^~~~~~~~~~~~~~~~~~~
inc/Unified_Port_Init.c(95): warning: implicit conversion changes signedness: 'int' to 'unsigned int' [-Wsign-conversion]
  SSI0_CR0_R            &= ~(SSI_CR0_SCR_M           
                        ~~ ^~~~~~~~~~~~~~~
inc/Unified_Port_Init.c(101): warning: implicit conversion changes signedness: 'int' to 'unsigned int' [-Wsign-conversion]
                        &~SSI_CR0_FRF_M) 
                        ~^~~~~~~~~~~~~~
inc/Unified_Port_Init.c(106): warning: implicit conversion changes signedness: 'int' to 'unsigned int' [-Wsign-conversion]
                        &~SSI_CR0_DSS_M)
                        ~^~~~~~~~~~~~~~
inc/Unified_Port_Init.c(131): warning: empty expression statement has no effect; remove unnecessary ';' to silence this warning [-Wextra-semi-stmt]
  while((SYSCTL_PRGPIO_R & 0x02) == 0){};   // Wait
                                        ^~
inc/Unified_Port_Init.c(138): warning: implicit conversion changes signedness: 'int' to 'unsigned int' [-Wsign-conversion]
  GPIO_PORTB_AMSEL_R    &= ~0x80;           // disable analog functionality on PB7
                        ~~ ^~~~~
inc/Unified_Port_Init.c(143): warning: implicit conversion changes signedness: 'int' to 'unsigned int' [-Wsign-conversion]
  GPIO_PORTB_PCTL_R     &= ~0x0F000000;     // configure PB6 as PWM0
                        ~~ ^~~~~~~~~~~
inc/Unified_Port_Init.c(145): warning: implicit conversion changes signedness: 'int' to 'unsigned int' [-Wsign-conversion]
  GPIO_PORTB_AMSEL_R    &= ~0x40;           // disable analog functionality on PB6
                        ~~ ^~~~~
inc/Unified_Port_Init.c(149): warning: implicit conversion changes signedness: 'int' to 'unsigned int' [-Wsign-conversion]
  GPIO_PORTB_DIR_R      &= ~0x20;           // make PB5 input
                        ~~ ^~~~~
inc/Unified_Port_Init.c(151): warning: implicit conversion changes signedness: 'int' to 'unsigned int' [-Wsign-conversion]
  GPIO_PORTB_DEN_R      &= ~0x20;           // disable digital I/O on PB5
                        ~~ ^~~~~
inc/Unified_Port_Init.c(155): warning: implicit conversion changes signedness: 'int' to 'unsigned int' [-Wsign-conversion]
  GPIO_PORTB_DIR_R      &= ~0x10;           // make PB4 input
                        ~~ ^~~~~
inc/Unified_Port_Init.c(162): warning: implicit conversion changes signedness: 'int' to 'unsigned int' [-Wsign-conversion]
  GPIO_PORTB_AMSEL_R    &= ~0x10;           // disable analog functionality on PB4
                        ~~ ^~~~~
inc/Unified_Port_Init.c(166): warning: implicit conversion changes signedness: 'int' to 'unsigned int' [-Wsign-conversion]
  GPIO_PORTB_PCTL_R     &= ~0x0000FFFF;     // GPIO
                        ~~ ^~~~~~~~~~~
inc/Unified_Port_Init.c(168): warning: implicit conversion changes signedness: 'int' to 'unsigned int' [-Wsign-conversion]
  GPIO_PORTB_AFSEL_R    &= ~0x0F;           // regular port function
                        ~~ ^~~~~
inc/Unified_Port_Init.c(170): warning: implicit conversion changes signedness: 'int' to 'unsigned int' [-Wsign-conversion]
  GPIO_PORTB_AMSEL_R    &= ~0x0F;           // disable analog functionality on PB3-0
                        ~~ ^~~~~
inc/Unified_Port_Init.c(188): warning: empty expression statement has no effect; remove unnecessary ';' to silence this warning [-Wextra-semi-stmt]
  while((SYSCTL_PRGPIO_R & 0x04) != 0x04){};  // Allow time for clock to start
                                           ^~
inc/Unified_Port_Init.c(191): warning: implicit conversion changes signedness: 'int' to 'unsigned int' [-Wsign-conversion]
  GPIO_PORTC_AMSEL_R    &= ~0xF0;         // disable analog function 
                        ~~ ^~~~~
inc/Unified_Port_Init.c(192): warning: implicit conversion changes signedness: 'int' to 'unsigned int' [-Wsign-conversion]
  GPIO_PORTC_DIR_R      &= ~0xF0;         // inputs on PC7-PC4
                        ~~ ^~~~~
inc/Unified_Port_Init.c(193): warning: implicit conversion changes signedness: 'int' to 'unsigned int' [-Wsign-conversion]
  GPIO_PORTC_AFSEL_R    &= ~0xF0;         // regular port function
                        ~~ ^~~~~
inc/Unified_Port_Init.c(212): warning: empty expression statement has no effect; remove unnecessary ';' to silence this warning [-Wextra-semi-stmt]
  while((SYSCTL_PRGPIO_R & 0x08)==0){};     // allow time for clock to stabilize
                                      ^~
inc/Unified_Port_Init.c(219): warning: implicit conversion changes signedness: 'int' to 'unsigned int' [-Wsign-conversion]
  GPIO_PORTD_AMSEL_R    &= ~0xC0;           // disable analog functionality on PD6, PD7
                        ~~ ^~~~~
inc/Unified_Port_Init.c(228): warning: implicit conversion changes signedness: 'int' to 'unsigned int' [-Wsign-conversion]
  GPIO_PORTD_DIR_R      &= ~0x04;           // make PD2 input
                        ~~ ^~~~~
inc/Unified_Port_Init.c(230): warning: implicit conversion changes signedness: 'int' to 'unsigned int' [-Wsign-conversion]
  GPIO_PORTD_DEN_R      &= ~0x04;           // disable digital I/O on PD2
                        ~~ ^~~~~
inc/Unified_Port_Init.c(235): warning: implicit conversion changes signedness: 'int' to 'unsigned int' [-Wsign-conversion]
  GPIO_PORTD_AMSEL_R    &= ~0x0B;           // disable analog functionality on PD
                        ~~ ^~~~~
inc/Unified_Port_Init.c(257): warning: empty expression statement has no effect; remove unnecessary ';' to silence this warning [-Wextra-semi-stmt]
  while((SYSCTL_PRGPIO_R & 0x10)==0){};
                                      ^
inc/Unified_Port_Init.c(267): warning: implicit conversion changes signedness: 'int' to 'unsigned int' [-Wsign-conversion]
  GPIO_PORTE_AMSEL_R    &= ~0x30;           // disable analog functionality on PE
                        ~~ ^~~~~
inc/Unified_Port_Init.c(272): warning: implicit conversion changes signedness: 'int' to 'unsigned int' [-Wsign-conversion]
  GPIO_PORTE_DIR_R      &= ~0x01;           // input digital I/O on PE0
                        ~~ ^~~~~
inc/Unified_Port_Init.c(273): warning: implicit conversion changes signedness: 'int' to 'unsigned int' [-Wsign-conversion]
  GPIO_PORTE_AMSEL_R    &= ~0x0B;           // disable analog functionality on PE3,1,0
                        ~~ ^~~~~
inc/Unified_Port_Init.c(274): warning: implicit conversion changes signedness: 'int' to 'unsigned int' [-Wsign-conversion]
  GPIO_PORTE_AFSEL_R    &= ~0x0B;           // disable alt funct on PE3,1,0
                        ~~ ^~~~~
inc/Unified_Port_Init.c(282): warning: implicit conversion changes signedness: 'int' to 'unsigned int' [-Wsign-conversion]
  GPIO_PORTE_DIR_R      &= ~0x04;           // make PE2 input
                        ~~ ^~~~~
inc/Unified_Port_Init.c(284): warning: implicit conversion changes signedness: 'int' to 'unsigned int' [-Wsign-conversion]
  GPIO_PORTE_DEN_R      &= ~0x04;           // disable digital I/O on PE2
                        ~~ ^~~~~
inc/Unified_Port_Init.c(296): warning: empty expression statement has no effect; remove unnecessary ';' to silence this warning [-Wextra-semi-stmt]
  while((SYSCTL_PRGPIO_R & 0x20)==0){};     // allow time for clock to stabilize
                                      ^~
39 warnings generated.
compiling Unified_Port_Init.c...
main.c(4): warning: In file included from...
./LCD_UART.h(66): warning: no newline at end of file [-Wnewline-eof]
*/ 
   ^
main.c(59): warning: no previous prototype for function 'LCD_main1' [-Wmissing-prototypes]
void LCD_main1() { 
     ^
main.c(59): note: declare 'static' if the function is not intended to be used outside of this translation unit
void LCD_main1() { 
^
static 
main.c(59): warning: this old-style function definition is not preceded by a prototype [-Wstrict-prototypes]
void LCD_main1() { 
              ^
main.c(187): warning: passing 'char [512]' to parameter of type 'const uint8_t *' (aka 'const unsigned char *') converts between pointers to integer types with different sign [-Wpointer-sign]
                LCD_WriteSector(image_array); 
                                ^~~~~~~~~~~
./LCD_UART.h(30): note: passing argument to parameter 'source' here
void LCD_WriteSector(const uint8_t source[]); 
                                   ^
main.c(94): warning: no previous prototype for function 'LCD_Camera_main2' [-Wmissing-prototypes]
void LCD_Camera_main2() { 
     ^
main.c(94): note: declare 'static' if the function is not intended to be used outside of this translation unit
void LCD_Camera_main2() { 
^
static 
main.c(94): warning: this old-style function definition is not preceded by a prototype [-Wstrict-prototypes]
void LCD_Camera_main2() { 
                     ^
main.c(371): warning: 'return' will never be executed [-Wunreachable-code-return]
        return 0; 
               ^
7 warnings generated.
compiling main.c...
UART.c(21): warning: implicit conversion changes signedness: 'int' to 'unsigned int' [-Wsign-conversion]
        UART4_CTL_R &= ~UART_CTL_UARTEN; // disable UART 
                    ~~ ^~~~~~~~~~~~~~~~
UART.c(31): warning: implicit conversion changes signedness: 'int' to 'unsigned int' [-Wsign-conversion]
        GPIO_PORTC_AMSEL_R &= ~0x03; // disable analog functionality 
                           ~~ ^~~~~
2 warnings generated.
compiling UART.c...
linking...
Program Size: Code=7386 RO-data=682 RW-data=4 ZI-data=1652  
".\Objects\Camera.axf" - 0 Error(s), 48 Warning(s).

<h2>Software Packages used:</h2>

Package Vendor: ARM
                http://www.keil.com/pack/ARM.CMSIS.5.7.0.pack
                ARM.CMSIS.5.7.0
                CMSIS (Cortex Microcontroller Software Interface Standard)
   * Component: CORE Version: 5.4.0

Package Vendor: Keil
                http://www.keil.com/pack/Keil.TM4C_DFP.1.1.0.pack
                Keil.TM4C_DFP.1.1.0
                Texas Instruments Tiva C Series Device Support and Examples

<h2>Collection of Component include folders:</h2>
  .\RTE\_Target_1
  C:\Users\zayam\AppData\Local\Arm\Packs\ARM\CMSIS\5.7.0\CMSIS\Core\Include
  C:\Users\zayam\AppData\Local\Arm\Packs\Keil\TM4C_DFP\1.1.0\Device\Include\TM4C123

<h2>Collection of Component Files used:</h2>

   * Component: ARM::CMSIS:CORE:5.4.0
Build Time Elapsed:  00:00:01
</pre>
</body>
</html>
