<html>
<body>
<pre>
<h1>µVision Build Log</h1>
<h2>Tool Versions:</h2>
IDE-Version: µVision V5.33.0.0
Copyright (C) 2020 ARM Ltd and ARM Germany GmbH. All rights reserved.
License Information: Zayam Tariq, UT Austin, LIC=X1E52-TQIEK-5ETQZ-2697Q-QL62F-JQCIE
 
Tool Versions:
Toolchain:       MDK-ARM Professional  Version: 5.33.0.0
Toolchain Path:  C:\Keil_v5\ARM\ARMCLANG\Bin
C Compiler:      ArmClang.exe V6.15
Assembler:       Armasm.exe V6.15
Linker/Locator:  ArmLink.exe V6.15
Library Manager: ArmAr.exe V6.15
Hex Converter:   FromElf.exe V6.15
CPU DLL:         SARMCM3.DLL V5.33.0.0
Dialog DLL:      DCM.DLL V1.17.3.0
Target DLL:      lmidk-agdi.dll V???
Dialog DLL:      TCM.DLL V1.48.0.0
 
<h2>Project:</h2>
C:\Users\zayam\PersonalDigitalCamera\CameraProject\Camera.uvprojx
Project File Date:  12/11/2023

<h2>Output:</h2>
*** Using Compiler 'V6.15', folder: 'C:\Keil_v5\ARM\ARMCLANG\Bin'
Build target 'Target 1'
main.c(4): warning: In file included from...
./LCD_UART.h(69): warning: no newline at end of file [-Wnewline-eof]
*/ 
   ^
main.c(63): warning: no previous prototype for function 'LCD_main1' [-Wmissing-prototypes]
void LCD_main1() { 
     ^
main.c(63): note: declare 'static' if the function is not intended to be used outside of this translation unit
void LCD_main1() { 
^
static 
main.c(63): warning: this old-style function definition is not preceded by a prototype [-Wstrict-prototypes]
void LCD_main1() { 
              ^
main.c(214): warning: passing 'char [512]' to parameter of type 'uint8_t *' (aka 'unsigned char *') converts between pointers to integer types with different sign [-Wpointer-sign]
                LCD_WriteSector(image_array); 
                                ^~~~~~~~~~~
./LCD_UART.h(30): note: passing argument to parameter 'source' here
void LCD_WriteSector(uint8_t source[]); 
                             ^
main.c(98): warning: no previous prototype for function 'LCD_Camera_main2' [-Wmissing-prototypes]
void LCD_Camera_main2() { 
     ^
main.c(98): note: declare 'static' if the function is not intended to be used outside of this translation unit
void LCD_Camera_main2() { 
^
static 
main.c(98): warning: this old-style function definition is not preceded by a prototype [-Wstrict-prototypes]
void LCD_Camera_main2() { 
                     ^
main.c(448): warning: 'return' will never be executed [-Wunreachable-code-return]
        return 0; 
               ^
7 warnings generated.
compiling main.c...
linking...
Program Size: Code=4014 RO-data=178 RW-data=516 ZI-data=1132  
".\Objects\Camera.axf" - 0 Error(s), 7 Warning(s).

<h2>Software Packages used:</h2>

Package Vendor: ARM
                http://www.keil.com/pack/ARM.CMSIS.5.7.0.pack
                ARM.CMSIS.5.7.0
                CMSIS (Cortex Microcontroller Software Interface Standard)
   * Component: CORE Version: 5.4.0

Package Vendor: Keil
                http://www.keil.com/pack/Keil.TM4C_DFP.1.1.0.pack
                Keil.TM4C_DFP.1.1.0
                Texas Instruments Tiva C Series Device Support and Examples

<h2>Collection of Component include folders:</h2>
  .\RTE\_Target_1
  C:\Users\zayam\AppData\Local\Arm\Packs\ARM\CMSIS\5.7.0\CMSIS\Core\Include
  C:\Users\zayam\AppData\Local\Arm\Packs\Keil\TM4C_DFP\1.1.0\Device\Include\TM4C123

<h2>Collection of Component Files used:</h2>

   * Component: ARM::CMSIS:CORE:5.4.0
Build Time Elapsed:  00:00:00
</pre>
</body>
</html>
